Archive member included to satisfy reference by file (symbol)

/opt/devkitpro/libctru/lib/libcitro3d.a(renderqueue.o)
                              shadows.o (C3D_RenderTargetCreateFromTex)
/opt/devkitpro/libctru/lib/libcitro3d.a(texture.o)
                              shadows.o (C3D_TexInitWithParams)
/opt/devkitpro/libctru/lib/libcitro3d.a(framebuffer.o)
                              /opt/devkitpro/libctru/lib/libcitro3d.a(renderqueue.o) (C3D_CalcColorBufSize)
/opt/devkitpro/libctru/lib/libcitro3d.a(base.o)
                              /opt/devkitpro/libctru/lib/libcitro3d.a(renderqueue.o) (C3D_SetViewport)
/opt/devkitpro/libctru/lib/libcitro3d.a(texenv.o)
                              /opt/devkitpro/libctru/lib/libcitro3d.a(base.o) (C3Di_TexEnvBind)
/opt/devkitpro/libctru/lib/libcitro3d.a(buffers.o)
                              /opt/devkitpro/libctru/lib/libcitro3d.a(base.o) (C3Di_BufInfoBind)
/opt/devkitpro/libctru/lib/libcitro3d.a(effect.o)
                              /opt/devkitpro/libctru/lib/libcitro3d.a(base.o) (C3D_DepthMap)
/opt/devkitpro/libctru/lib/libcitro3d.a(attribs.o)
                              /opt/devkitpro/libctru/lib/libcitro3d.a(base.o) (C3Di_AttrInfoBind)
/opt/devkitpro/libctru/lib/libcitro3d.a(immediate.o)
                              /opt/devkitpro/libctru/lib/libcitro3d.a(base.o) (C3D_ImmSendAttrib)
/opt/devkitpro/libctru/lib/libcitro3d.a(uniforms.o)
                              /opt/devkitpro/libctru/lib/libcitro3d.a(base.o) (C3D_UpdateUniforms)
/opt/devkitpro/libctru/lib/libctru.a(vram.o)
                              /opt/devkitpro/libctru/lib/libcitro3d.a(renderqueue.o) (vramAlloc)
/opt/devkitpro/libctru/lib/libctru.a(linear.o)
                              /opt/devkitpro/libctru/lib/libcitro3d.a(texture.o) (linearAlloc)
/opt/devkitpro/libctru/lib/libctru.a(mem_pool.o)
                              /opt/devkitpro/libctru/lib/libctru.a(vram.o) (MemPool::Allocate(MemChunk&, unsigned long, int))
/opt/devkitpro/libctru/lib/libctru.a(os.o)
                              /opt/devkitpro/libctru/lib/libcitro3d.a(texture.o) (osConvertVirtToPhys)
/opt/devkitpro/libctru/lib/libctru.a(gfx.o)
                              /opt/devkitpro/libctru/lib/libcitro3d.a(framebuffer.o) (gfxGetFramebuffer)
/opt/devkitpro/libctru/lib/libctru.a(shaderProgram.o)
                              /opt/devkitpro/libctru/lib/libcitro3d.a(base.o) (shaderProgramConfigure)
/opt/devkitpro/libctru/lib/libctru.a(shbin.o)
                              /opt/devkitpro/libctru/lib/libctru.a(shaderProgram.o) (DVLE_GetUniformRegister)
/opt/devkitpro/libctru/lib/libctru.a(gx.o)
                              /opt/devkitpro/libctru/lib/libcitro3d.a(renderqueue.o) (GX_BindQueue)
/opt/devkitpro/libctru/lib/libctru.a(gxqueue.o)
                              /opt/devkitpro/libctru/lib/libcitro3d.a(renderqueue.o) (gxCmdQueueClear)
/opt/devkitpro/libctru/lib/libctru.a(gpu.o)
                              /opt/devkitpro/libctru/lib/libcitro3d.a(texture.o) (GPUCMD_Add)
/opt/devkitpro/libctru/lib/libctru.a(gspgpu.o)
                              /opt/devkitpro/libctru/lib/libctru.a(gfx.o) (gspInit)
/opt/devkitpro/libctru/lib/libctru.a(apt.o)
                              /opt/devkitpro/libctru/lib/libcitro3d.a(base.o) (aptHook)
/opt/devkitpro/libctru/lib/libctru.a(ptmsysm.o)
                              /opt/devkitpro/libctru/lib/libctru.a(os.o) (ptmSysmInit)
/opt/devkitpro/libctru/lib/libctru.a(rbtree_init.o)
                              /opt/devkitpro/libctru/lib/libctru.a(vram.o) (rbtree_init)
/opt/devkitpro/libctru/lib/libctru.a(rbtree_insert.o)
                              /opt/devkitpro/libctru/lib/libctru.a(vram.o) (rbtree_insert)
/opt/devkitpro/libctru/lib/libctru.a(rbtree_rotate.o)
                              /opt/devkitpro/libctru/lib/libctru.a(rbtree_insert.o) (rbtree_rotate)
/opt/devkitpro/libctru/lib/libctru.a(rbtree_remove.o)
                              /opt/devkitpro/libctru/lib/libctru.a(vram.o) (rbtree_remove)
/opt/devkitpro/libctru/lib/libctru.a(rbtree_find.o)
                              /opt/devkitpro/libctru/lib/libctru.a(vram.o) (rbtree_find)
/opt/devkitpro/libctru/lib/libctru.a(allocateHeaps.o)
                              /opt/devkitpro/libctru/lib/libcitro3d.a(renderqueue.o) (__ctru_linear_heap_size)
/opt/devkitpro/libctru/lib/libctru.a(ctru_init.o)
                              /opt/devkitpro/libctru/lib/libctru.a(apt.o) (__system_retAddr)
/opt/devkitpro/libctru/lib/libctru.a(initArgv.o)
                              /opt/devkitpro/libctru/lib/libctru.a(ctru_init.o) (__system_initArgv)
/opt/devkitpro/libctru/lib/libctru.a(svc.o)
                              /opt/devkitpro/libctru/lib/libctru.a(allocateHeaps.o) (svcControlMemory)
/opt/devkitpro/libctru/lib/libctru.a(stack_adjust.o)
                              /opt/devkitpro/devkitARM/bin/../lib/gcc/arm-none-eabi/10.2.0/../../../../arm-none-eabi/lib/armv6k/fpu/3dsx_crt0.o (initSystem)
/opt/devkitpro/libctru/lib/libctru.a(synchronization.o)
[...]
Memory Configuration

Name             Origin             Length             Attributes
*default*        0x0000000000000000 0xffffffffffffffff

Linker script and memory map

                0x0000000000100000                PROVIDE (__start__ = 0x100000)
                0x0000000000100000                . = __start__

.text           0x0000000000100000     0x8e08
 *(.crt0)
 .crt0          0x0000000000100000       0x94 /opt/devkitpro/devkitARM/bin/../lib/gcc/arm-none-eabi/10.2.0/../../../../arm-none-eabi/lib/armv6k/fpu/3dsx_crt0.o
                0x0000000000100000                _start
                0x0000000000100008                __service_ptr
                0x000000000010000c                __apt_appid
                0x0000000000100010                __heap_size
                0x0000000000100014                __linear_heap_size
                0x0000000000100018                __system_arglist
                0x000000000010001c                __system_runflags
 *(.init)
 .init          0x0000000000100094        0xc /opt/devkitpro/devkitARM/bin/../lib/gcc/arm-none-eabi/10.2.0/armv6k/fpu/crti.o
                0x0000000000100094                _init
 .init          0x00000000001000a0        0xc /opt/devkitpro/devkitARM/bin/../lib/gcc/arm-none-eabi/10.2.0/armv6k/fpu/crtn.o
                0x00000000001000ac                . = ALIGN (0x4)
 *(.text)
 .text          0x00000000001000ac       0xd4 /opt/devkitpro/devkitARM/bin/../lib/gcc/arm-none-eabi/10.2.0/armv6k/fpu/libgcc.a(_aeabi_ldivmod.o)
                0x00000000001000ac                __aeabi_ldivmod
 .text          0x0000000000100180        0x4 /opt/devkitpro/devkitARM/bin/../lib/gcc/arm-none-eabi/10.2.0/armv6k/fpu/libgcc.a(_dvmd_tls.o)
                0x0000000000100180                __aeabi_ldiv0
                0x0000000000100180                __aeabi_idiv0
 *fill*         0x0000000000100184       0x1c 
 .text          0x00000000001001a0      0x390 /opt/devkitpro/devkitARM/bin/../lib/gcc/arm-none-eabi/10.2.0/../../../../arm-none-eabi/lib/armv6k/fpu/libg.a(lib_a-strcmp.o)
                0x00000000001001a8                strcmp
 .text          0x0000000000100530      0x20c /opt/devkitpro/devkitARM/bin/../lib/gcc/arm-none-eabi/10.2.0/armv6k/fpu/libgcc.a(_udivsi3.o)
                0x0000000000100530                __udivsi3
                0x0000000000100530                __aeabi_uidiv
                0x000000000010071c                __aeabi_uidivmod
 *(.text.*)
 .text.__do_global_dtors_aux
                0x000000000010073c       0x40 /opt/devkitpro/devkitARM/bin/../lib/gcc/arm-none-eabi/10.2.0/armv6k/fpu/crtbegin.o
 .text.frame_dummy
                0x000000000010077c       0x2c /opt/devkitpro/devkitARM/bin/../lib/gcc/arm-none-eabi/10.2.0/armv6k/fpu/crtbegin.o
 .text.startup.main
                0x00000000001007a8       0x48 shadows.o
                0x00000000001007a8                main
 .text.C3D_RenderTargetCreateFromTex
                0x00000000001007f0       0xdc /opt/devkitpro/libctru/lib/libcitro3d.a(renderqueue.o)
                0x00000000001007f0                C3D_RenderTargetCreateFromTex
 .text.C3D_TexInitWithParams
                0x00000000001008cc      0x2a0 /opt/devkitpro/libctru/lib/libcitro3d.a(texture.o)
                0x00000000001008cc                C3D_TexInitWithParams
 .text.C3D_CalcDepthBufSize
                0x0000000000100b6c       0x1c /opt/devkitpro/libctru/lib/libcitro3d.a(framebuffer.o)
                0x0000000000100b6c                C3D_CalcDepthBufSize
 .text.C3D_FrameBufTex
                0x0000000000100b88       0x9c /opt/devkitpro/libctru/lib/libcitro3d.a(framebuffer.o)
                0x0000000000100b88                C3D_FrameBufTex
 .text._ZL21addrMapNodeComparatorPK11rbtree_nodeS1_
                0x0000000000100c24       0x24 /opt/devkitpro/libctru/lib/libctru.a(vram.o)
 .text._ZL21addrMapNodeDestructorP11rbtree_node
                0x0000000000100c48        0x4 /opt/devkitpro/libctru/lib/libctru.a(vram.o)
 .text.vramMemAlign
                0x0000000000100c4c      0x114 /opt/devkitpro/libctru/lib/libctru.a(vram.o)
                0x0000000000100c4c                vramMemAlign
 .text.vramAlloc
                0x0000000000100d60        0x8 /opt/devkitpro/libctru/lib/libctru.a(vram.o)
                0x0000000000100d60                vramAlloc
 .text.vramFree
                0x0000000000100d68       0x5c /opt/devkitpro/libctru/lib/libctru.a(vram.o)
                0x0000000000100d68                vramFree
 .text._ZL21addrMapNodeComparatorPK11rbtree_nodeS1_
                0x0000000000100dc4       0x24 /opt/devkitpro/libctru/lib/libctru.a(linear.o)
 .text._ZL21addrMapNodeDestructorP11rbtree_node
                0x0000000000100de8        0x4 /opt/devkitpro/libctru/lib/libctru.a(linear.o)
 .text.linearMemAlign
                0x0000000000100dec      0x120 /opt/devkitpro/libctru/lib/libctru.a(linear.o)
                0x0000000000100dec                linearMemAlign
 .text.linearAlloc
                0x0000000000100f0c        0x8 /opt/devkitpro/libctru/lib/libctru.a(linear.o)
                0x0000000000100f0c                linearAlloc
 .text.linearFree
                0x0000000000100f14       0x5c /opt/devkitpro/libctru/lib/libctru.a(linear.o)
                0x0000000000100f14                linearFree
 .text._ZN7MemPool13CoalesceRightEP8MemBlock
                0x0000000000100f70       0x84 /opt/devkitpro/libctru/lib/libctru.a(mem_pool.o)
                0x0000000000100f70                MemPool::CoalesceRight(MemBlock*)
 .text._ZN7MemPool8AllocateER8MemChunkmi
                0x0000000000100ff4      0x170 /opt/devkitpro/libctru/lib/libctru.a(mem_pool.o)
                0x0000000000100ff4                MemPool::Allocate(MemChunk&, unsigned long, int)
 .text._ZN7MemPool10DeallocateERK8MemChunk
                0x0000000000101164       0xfc /opt/devkitpro/libctru/lib/libctru.a(mem_pool.o)
                0x0000000000101164                MemPool::Deallocate(MemChunk const&)
 .text.osGetTimeRef
                0x0000000000101260       0x54 /opt/devkitpro/libctru/lib/libctru.a(os.o)
                0x0000000000101260                osGetTimeRef
 .text.osGetTime
                0x00000000001012b4       0xe4 /opt/devkitpro/libctru/lib/libctru.a(os.o)
                0x00000000001012b4                osGetTime
 .text.__libctru_gtod
                0x0000000000101398       0x74 /opt/devkitpro/libctru/lib/libctru.a(os.o)
                0x0000000000101398                __libctru_gtod
 .text.__ctru_speedup_config
                0x000000000010140c       0x34 /opt/devkitpro/libctru/lib/libctru.a(os.o)
                0x000000000010140c                __ctru_speedup_config
 .text.GSPGPU_AcquireRight
                0x0000000000101440       0x68 /opt/devkitpro/libctru/lib/libctru.a(gspgpu.o)
                0x0000000000101440                GSPGPU_AcquireRight
 .text.GSPGPU_RestoreVramSysArea
                0x00000000001014a8       0x2c /opt/devkitpro/libctru/lib/libctru.a(gspgpu.o)
                0x00000000001014a8                GSPGPU_RestoreVramSysArea
 .text.aptDspSleep
                0x00000000001014d4        0x8 /opt/devkitpro/libctru/lib/libctru.a(apt.o)
                0x00000000001014d4                aptDspSleep
 .text.aptDspWakeup
                0x00000000001014dc        0x4 /opt/devkitpro/libctru/lib/libctru.a(apt.o)
                0x00000000001014dc                aptDspWakeup
 .text.aptDspCancel
                0x00000000001014e0        0x4 /opt/devkitpro/libctru/lib/libctru.a(apt.o)
                0x00000000001014e0                aptDspCancel
 .text.aptSendCommand
                0x00000000001014e4      0x15c /opt/devkitpro/libctru/lib/libctru.a(apt.o)
                0x00000000001014e4                aptSendCommand
 .text.aptExitProcess
                0x0000000000101640       0x38 /opt/devkitpro/libctru/lib/libctru.a(apt.o)
 .text.aptExit  0x0000000000101678      0x2f0 /opt/devkitpro/libctru/lib/libctru.a(apt.o)
                0x0000000000101678                aptExit
 .text.APT_SleepIfShellClosed
                0x0000000000101968       0x84 /opt/devkitpro/libctru/lib/libctru.a(apt.o)
                0x0000000000101968                APT_SleepIfShellClosed
 .text.APT_UnlockTransition
                0x00000000001019ec       0x84 /opt/devkitpro/libctru/lib/libctru.a(apt.o)
                0x00000000001019ec                APT_UnlockTransition
 .text.aptEventHandler
                0x0000000000101a70      0x484 /opt/devkitpro/libctru/lib/libctru.a(apt.o)
 .text.APT_ReceiveParameter
                0x0000000000101ef4       0xb0 /opt/devkitpro/libctru/lib/libctru.a(apt.o)
                0x0000000000101ef4                APT_ReceiveParameter
 .text.aptReceiveParameter.constprop.0
                0x0000000000101fa4       0xb0 /opt/devkitpro/libctru/lib/libctru.a(apt.o)
 .text.aptWaitForWakeUp.isra.0
                0x0000000000102054      0x2d0 /opt/devkitpro/libctru/lib/libctru.a(apt.o)
 .text.aptInit  0x0000000000102324      0x234 /opt/devkitpro/libctru/lib/libctru.a(apt.o)
                0x0000000000102324                aptInit
 .text.APT_CheckNew3DS
                0x0000000000102558       0x7c /opt/devkitpro/libctru/lib/libctru.a(apt.o)
                0x0000000000102558                APT_CheckNew3DS
 .text.ptmSysmInit
                0x00000000001025d4       0x74 /opt/devkitpro/libctru/lib/libctru.a(ptmsysm.o)
                0x00000000001025d4                ptmSysmInit
 .text.ptmSysmExit
                0x0000000000102648       0x3c /opt/devkitpro/libctru/lib/libctru.a(ptmsysm.o)
                0x0000000000102648                ptmSysmExit
 .text.PTMSYSM_ConfigureNew3DSCPU
                0x0000000000102684       0x34 /opt/devkitpro/libctru/lib/libctru.a(ptmsysm.o)
                0x0000000000102684                PTMSYSM_ConfigureNew3DSCPU
 .text.rbtree_init
                0x00000000001026b8       0x10 /opt/devkitpro/libctru/lib/libctru.a(rbtree_init.o)
                0x00000000001026b8                rbtree_init
 .text.do_insert
                0x00000000001026c8      0x1a0 /opt/devkitpro/libctru/lib/libctru.a(rbtree_insert.o)
 .text.rbtree_insert
                0x0000000000102868        0x8 /opt/devkitpro/libctru/lib/libctru.a(rbtree_insert.o)
                0x0000000000102868                rbtree_insert
 .text.rbtree_rotate
                0x0000000000102870       0x90 /opt/devkitpro/libctru/lib/libctru.a(rbtree_rotate.o)
                0x0000000000102870                rbtree_rotate
 .text.rbtree_remove
                0x0000000000102900      0x338 /opt/devkitpro/libctru/lib/libctru.a(rbtree_remove.o)
                0x0000000000102900                rbtree_remove
 .text.rbtree_find
                0x0000000000102c38       0x74 /opt/devkitpro/libctru/lib/libctru.a(rbtree_find.o)
                0x0000000000102c38                rbtree_find
 *fill*         0x0000000000102cac        0x4 
 .text.__system_allocateHeaps
                0x0000000000102cb0      0x1e0 /opt/devkitpro/libctru/lib/libctru.a(allocateHeaps.o)
                0x0000000000102cb0                __system_allocateHeaps
 .text.__libctru_init
                0x0000000000102e90       0x38 /opt/devkitpro/libctru/lib/libctru.a(ctru_init.o)
                0x0000000000102e90                __libctru_init
 .text.__system_initArgv
                0x0000000000102ec8       0xf0 /opt/devkitpro/libctru/lib/libctru.a(initArgv.o)
                0x0000000000102ec8                __system_initArgv
 .text.svcControlMemory
                0x0000000000102fb8       0x20 /opt/devkitpro/libctru/lib/libctru.a(svc.o)
                0x0000000000102fb8                svcControlMemory
 .text.svcQueryMemory
                0x0000000000102fd8       0x30 /opt/devkitpro/libctru/lib/libctru.a(svc.o)
                0x0000000000102fd8                svcQueryMemory
 .text.svcExitProcess
                0x0000000000103008        0x8 /opt/devkitpro/libctru/lib/libctru.a(svc.o)
                0x0000000000103008                svcExitProcess
 .text.svcCreateThread
                0x0000000000103010       0x20 /opt/devkitpro/libctru/lib/libctru.a(svc.o)
                0x0000000000103010                svcCreateThread
 .text.svcExitThread
                0x0000000000103030        0x8 /opt/devkitpro/libctru/lib/libctru.a(svc.o)
                0x0000000000103030                svcExitThread
 .text.svcSleepThread
                0x0000000000103038        0x8 /opt/devkitpro/libctru/lib/libctru.a(svc.o)
                0x0000000000103038                svcSleepThread
 .text.svcReleaseMutex
                0x0000000000103040        0x8 /opt/devkitpro/libctru/lib/libctru.a(svc.o)
                0x0000000000103040                svcReleaseMutex
 .text.svcSignalEvent
                0x0000000000103048        0x8 /opt/devkitpro/libctru/lib/libctru.a(svc.o)
                0x0000000000103048                svcSignalEvent
 .text.svcClearEvent
                0x0000000000103050        0x8 /opt/devkitpro/libctru/lib/libctru.a(svc.o)
                0x0000000000103050                svcClearEvent
 .text.svcMapMemoryBlock
                0x0000000000103058        0x8 /opt/devkitpro/libctru/lib/libctru.a(svc.o)
                0x0000000000103058                svcMapMemoryBlock
 .text.svcUnmapMemoryBlock
                0x0000000000103060        0x8 /opt/devkitpro/libctru/lib/libctru.a(svc.o)
                0x0000000000103060                svcUnmapMemoryBlock
 .text.svcCreateAddressArbiter
                0x0000000000103068       0x14 /opt/devkitpro/libctru/lib/libctru.a(svc.o)
                0x0000000000103068                svcCreateAddressArbiter
 .text.svcArbitrateAddressNoTimeout
                0x000000000010307c        0x8 /opt/devkitpro/libctru/lib/libctru.a(svc.o)
                0x000000000010307c                svcArbitrateAddressNoTimeout
 .text.svcCloseHandle
                0x0000000000103084        0x8 /opt/devkitpro/libctru/lib/libctru.a(svc.o)
                0x0000000000103084                svcCloseHandle
 .text.svcWaitSynchronization
                0x000000000010308c        0x8 /opt/devkitpro/libctru/lib/libctru.a(svc.o)
                0x000000000010308c                svcWaitSynchronization
 .text.svcWaitSynchronizationN
                0x0000000000103094       0x28 /opt/devkitpro/libctru/lib/libctru.a(svc.o)
                0x0000000000103094                svcWaitSynchronizationN
 .text.svcDuplicateHandle
                0x00000000001030bc       0x14 /opt/devkitpro/libctru/lib/libctru.a(svc.o)
                0x00000000001030bc                svcDuplicateHandle
 .text.svcGetSystemTick
                0x00000000001030d0        0x8 /opt/devkitpro/libctru/lib/libctru.a(svc.o)
                0x00000000001030d0                svcGetSystemTick
 .text.svcConnectToPort
                0x00000000001030d8       0x14 /opt/devkitpro/libctru/lib/libctru.a(svc.o)
                0x00000000001030d8                svcConnectToPort
 .text.svcSendSyncRequest
                0x00000000001030ec        0x8 /opt/devkitpro/libctru/lib/libctru.a(svc.o)
                0x00000000001030ec                svcSendSyncRequest
 .text.svcGetResourceLimit
                0x00000000001030f4       0x14 /opt/devkitpro/libctru/lib/libctru.a(svc.o)
                0x00000000001030f4                svcGetResourceLimit
 .text.svcGetResourceLimitLimitValues
                0x0000000000103108        0x8 /opt/devkitpro/libctru/lib/libctru.a(svc.o)
                0x0000000000103108                svcGetResourceLimitLimitValues
 .text.svcGetResourceLimitCurrentValues
                0x0000000000103110        0x8 /opt/devkitpro/libctru/lib/libctru.a(svc.o)
                0x0000000000103110                svcGetResourceLimitCurrentValues
 .text.svcBreak
                0x0000000000103118        0x8 /opt/devkitpro/libctru/lib/libctru.a(svc.o)
                0x0000000000103118                svcBreak
 .text.initSystem
                0x0000000000103120       0x50 /opt/devkitpro/libctru/lib/libctru.a(stack_adjust.o)
                0x0000000000103120                initSystem
 .text.__ctru_exit
                0x0000000000103170       0x18 /opt/devkitpro/libctru/lib/libctru.a(stack_adjust.o)
                0x0000000000103170                __ctru_exit
 .text.__sync_init
                0x0000000000103188        0xc /opt/devkitpro/libctru/lib/libctru.a(synchronization.o)
                0x0000000000103188                __sync_init
 .text.__sync_fini
                0x0000000000103194       0x18 /opt/devkitpro/libctru/lib/libctru.a(synchronization.o)
                0x0000000000103194                __sync_fini
 .text.LightLock_Init
                0x00000000001031ac       0x1c /opt/devkitpro/libctru/lib/libctru.a(synchronization.o)
                0x00000000001031ac                LightLock_Init
 .text.LightLock_Lock
                0x00000000001031c8       0x94 /opt/devkitpro/libctru/lib/libctru.a(synchronization.o)
                0x00000000001031c8                LightLock_Lock
 .text.LightLock_TryLock
                0x000000000010325c       0x44 /opt/devkitpro/libctru/lib/libctru.a(synchronization.o)
                0x000000000010325c                LightLock_TryLock
 .text.LightLock_Unlock
                0x00000000001032a0       0x40 /opt/devkitpro/libctru/lib/libctru.a(synchronization.o)
                0x00000000001032a0                LightLock_Unlock
 .text.RecursiveLock_Init
                0x00000000001032e0       0x24 /opt/devkitpro/libctru/lib/libctru.a(synchronization.o)
                0x00000000001032e0                RecursiveLock_Init
 .text.RecursiveLock_Lock
                0x0000000000103304       0x30 /opt/devkitpro/libctru/lib/libctru.a(synchronization.o)
                0x0000000000103304                RecursiveLock_Lock
 .text.RecursiveLock_TryLock
                0x0000000000103334       0x78 /opt/devkitpro/libctru/lib/libctru.a(synchronization.o)
                0x0000000000103334                RecursiveLock_TryLock
 .text.RecursiveLock_Unlock
                0x00000000001033ac       0x54 /opt/devkitpro/libctru/lib/libctru.a(synchronization.o)
                0x00000000001033ac                RecursiveLock_Unlock
 .text.LightEvent_Init
                0x0000000000103400       0x40 /opt/devkitpro/libctru/lib/libctru.a(synchronization.o)
                0x0000000000103400                LightEvent_Init
 .text.LightEvent_Clear
                0x0000000000103440       0xa4 /opt/devkitpro/libctru/lib/libctru.a(synchronization.o)
                0x0000000000103440                LightEvent_Clear
 .text.LightEvent_Signal
                0x00000000001034e4       0xc8 /opt/devkitpro/libctru/lib/libctru.a(synchronization.o)
                0x00000000001034e4                LightEvent_Signal
 .text.LightEvent_TryWait
                0x00000000001035ac       0x58 /opt/devkitpro/libctru/lib/libctru.a(synchronization.o)
                0x00000000001035ac                LightEvent_TryWait
 .text.LightEvent_Wait
                0x0000000000103604       0xb0 /opt/devkitpro/libctru/lib/libctru.a(synchronization.o)
                0x0000000000103604                LightEvent_Wait
 .text.srvInit  0x00000000001036b4      0x124 /opt/devkitpro/libctru/lib/libctru.a(srv.o)
                0x00000000001036b4                srvInit
 .text.srvExit  0x00000000001037d8       0x58 /opt/devkitpro/libctru/lib/libctru.a(srv.o)
                0x00000000001037d8                srvExit
 .text.srvGetServiceHandleDirect
                0x0000000000103830       0x80 /opt/devkitpro/libctru/lib/libctru.a(srv.o)
                0x0000000000103830                srvGetServiceHandleDirect
 .text.srvGetServiceHandle
                0x00000000001038b0       0x48 /opt/devkitpro/libctru/lib/libctru.a(srv.o)
                0x00000000001038b0                srvGetServiceHandle
 .text.srvPublishToSubscriber
                0x00000000001038f8       0x38 /opt/devkitpro/libctru/lib/libctru.a(srv.o)
                0x00000000001038f8                srvPublishToSubscriber
 .text.threadCreate
                0x0000000000103930      0x188 /opt/devkitpro/libctru/lib/libctru.a(thread.o)
                0x0000000000103930                threadCreate
 .text.threadFree
                0x0000000000103ab8       0x2c /opt/devkitpro/libctru/lib/libctru.a(thread.o)
                0x0000000000103ab8                threadFree
 .text.threadJoin
                0x0000000000103ae4       0x24 /opt/devkitpro/libctru/lib/libctru.a(thread.o)
                0x0000000000103ae4                threadJoin
 .text.threadGetCurrent
                0x0000000000103b08       0x30 /opt/devkitpro/libctru/lib/libctru.a(thread.o)
                0x0000000000103b08                threadGetCurrent
 .text.threadExit
                0x0000000000103b38       0x40 /opt/devkitpro/libctru/lib/libctru.a(thread.o)
                0x0000000000103b38                threadExit
 .text._thread_begin
                0x0000000000103b78       0x44 /opt/devkitpro/libctru/lib/libctru.a(thread.o)
 .text.mappableFindAddressWithin
                0x0000000000103bbc       0x94 /opt/devkitpro/libctru/lib/libctru.a(mappable.o)
 .text.mappableInit
                0x0000000000103c50       0x28 /opt/devkitpro/libctru/lib/libctru.a(mappable.o)
                0x0000000000103c50                mappableInit
 .text.mappableAlloc
                0x0000000000103c78       0x80 /opt/devkitpro/libctru/lib/libctru.a(mappable.o)
                0x0000000000103c78                mappableAlloc
 .text.mappableFree
                0x0000000000103cf8        0x4 /opt/devkitpro/libctru/lib/libctru.a(mappable.o)
                0x0000000000103cf8                mappableFree
 .text.srvPmGetSessionHandle
                0x0000000000103cfc        0xc /opt/devkitpro/libctru/lib/libctru.a(srvpm.o)
                0x0000000000103cfc                srvPmGetSessionHandle
 .text.rbtree_node_next
                0x0000000000103d08       0x50 /opt/devkitpro/libctru/lib/libctru.a(rbtree_iterator.o)
                0x0000000000103d08                rbtree_node_next
 .text.__appInit
                0x0000000000103d58       0x30 /opt/devkitpro/libctru/lib/libctru.a(appInit.o)
                0x0000000000103d58                __appInit
 .text.__libctru_nanosleep
                0x0000000000103d88       0x30 /opt/devkitpro/libctru/lib/libctru.a(syscalls.o)
 .text.__libctru_get_reent
                0x0000000000103db8       0x30 /opt/devkitpro/libctru/lib/libctru.a(syscalls.o)
 .text.__system_initSyscalls
                0x0000000000103de8       0xf8 /opt/devkitpro/libctru/lib/libctru.a(syscalls.o)
                0x0000000000103de8                __system_initSyscalls
 .text.__appExit
                0x0000000000103ee0       0x30 /opt/devkitpro/libctru/lib/libctru.a(appExit.o)
                0x0000000000103ee0                __appExit
 .text.__libctru_exit
                0x0000000000103f10       0x90 /opt/devkitpro/libctru/lib/libctru.a(ctru_exit.o)
                0x0000000000103f10                __libctru_exit
 .text.envGetHandle
                0x0000000000103fa0       0x84 /opt/devkitpro/libctru/lib/libctru.a(env.o)
                0x0000000000103fa0                envGetHandle
 .text.envDestroyHandles
                0x0000000000104024       0x50 /opt/devkitpro/libctru/lib/libctru.a(env.o)
                0x0000000000104024                envDestroyHandles
 .text.archive_link
                0x0000000000104074       0x14 /opt/devkitpro/libctru/lib/libctru.a(archive_dev.o)
 .text.archive_dirreset
                0x0000000000104088       0x14 /opt/devkitpro/libctru/lib/libctru.a(archive_dev.o)
 .text.archive_chmod
                0x000000000010409c       0x14 /opt/devkitpro/libctru/lib/libctru.a(archive_dev.o)
 .text.error_cmp
                0x00000000001040b0       0x24 /opt/devkitpro/libctru/lib/libctru.a(archive_dev.o)
 .text.archive_translate_error
                0x00000000001040d4       0x50 /opt/devkitpro/libctru/lib/libctru.a(archive_dev.o)
 .text.archive_seek
                0x0000000000104124       0xd4 /opt/devkitpro/libctru/lib/libctru.a(archive_dev.o)
 .text._archiveInit.part.0
                0x00000000001041f8       0x7c /opt/devkitpro/libctru/lib/libctru.a(archive_dev.o)
 .text.archiveFindDevice.part.0
                0x0000000000104274       0x8c /opt/devkitpro/libctru/lib/libctru.a(archive_dev.o)
 .text.archive_utf16path
                0x0000000000104300      0x294 /opt/devkitpro/libctru/lib/libctru.a(archive_dev.o)
 .text._archiveUnmountDeviceStruct.part.0
                0x0000000000104594       0xa0 /opt/devkitpro/libctru/lib/libctru.a(archive_dev.o)
 .text.archive_fchmod
                0x0000000000104634       0x14 /opt/devkitpro/libctru/lib/libctru.a(archive_dev.o)
 .text.archive_statvfs
                0x0000000000104648       0x14 /opt/devkitpro/libctru/lib/libctru.a(archive_dev.o)
 .text._archiveMountDevice
                0x000000000010465c      0x158 /opt/devkitpro/libctru/lib/libctru.a(archive_dev.o)
 .text.archive_diropen
                0x00000000001047b4       0xe8 /opt/devkitpro/libctru/lib/libctru.a(archive_dev.o)
 .text.archive_fstat
                0x000000000010489c       0xa4 /opt/devkitpro/libctru/lib/libctru.a(archive_dev.o)
 .text.archive_close
                0x0000000000104940       0x6c /opt/devkitpro/libctru/lib/libctru.a(archive_dev.o)
 .text.archive_fsync
                0x00000000001049ac       0x6c /opt/devkitpro/libctru/lib/libctru.a(archive_dev.o)
 .text.archive_dirclose
                0x0000000000104a18       0x70 /opt/devkitpro/libctru/lib/libctru.a(archive_dev.o)
 .text.sdmc_statvfs
                0x0000000000104a88       0xe8 /opt/devkitpro/libctru/lib/libctru.a(archive_dev.o)
 .text.archive_ftruncate
                0x0000000000104b70       0x80 /opt/devkitpro/libctru/lib/libctru.a(archive_dev.o)
 .text.archive_chdir
                0x0000000000104bf0       0xfc /opt/devkitpro/libctru/lib/libctru.a(archive_dev.o)
 .text.archive_read
                0x0000000000104cec       0xb0 /opt/devkitpro/libctru/lib/libctru.a(archive_dev.o)
 .text.archive_unlink
                0x0000000000104d9c       0xac /opt/devkitpro/libctru/lib/libctru.a(archive_dev.o)
 .text.archive_rmdir
                0x0000000000104e48       0xc8 /opt/devkitpro/libctru/lib/libctru.a(archive_dev.o)
 .text.archive_mkdir
                0x0000000000104f10       0xec /opt/devkitpro/libctru/lib/libctru.a(archive_dev.o)
 .text.archive_stat
                0x0000000000104ffc      0x1a8 /opt/devkitpro/libctru/lib/libctru.a(archive_dev.o)
 .text.archive_rename
                0x00000000001051a4      0x184 /opt/devkitpro/libctru/lib/libctru.a(archive_dev.o)
 .text.archive_dirnext
                0x0000000000105328      0x168 /opt/devkitpro/libctru/lib/libctru.a(archive_dev.o)
 .text.archive_write
                0x0000000000105490      0x12c /opt/devkitpro/libctru/lib/libctru.a(archive_dev.o)
 .text.archive_open
                0x00000000001055bc      0x1f0 /opt/devkitpro/libctru/lib/libctru.a(archive_dev.o)
 .text.archiveMountSdmc
                0x00000000001057ac      0x1a4 /opt/devkitpro/libctru/lib/libctru.a(archive_dev.o)
                0x00000000001057ac                archiveMountSdmc
 .text.archiveUnmountAll
                0x0000000000105950       0x54 /opt/devkitpro/libctru/lib/libctru.a(archive_dev.o)
                0x0000000000105950                archiveUnmountAll
 .text.hidShouldUseIrrst
                0x00000000001059a4       0x24 /opt/devkitpro/libctru/lib/libctru.a(hid.o)
                0x00000000001059a4                hidShouldUseIrrst
 .text.hidInit  0x00000000001059c8      0x18c /opt/devkitpro/libctru/lib/libctru.a(hid.o)
                0x00000000001059c8                hidInit
 .text.hidExit  0x0000000000105b54       0xe8 /opt/devkitpro/libctru/lib/libctru.a(hid.o)
                0x0000000000105b54                hidExit
 .text.fsInit   0x0000000000105c3c       0xc8 /opt/devkitpro/libctru/lib/libctru.a(fs.o)
                0x0000000000105c3c                fsInit
 .text.fsExit   0x0000000000105d04       0x3c /opt/devkitpro/libctru/lib/libctru.a(fs.o)
                0x0000000000105d04                fsExit
 .text.fsExemptFromSession
                0x0000000000105d40       0x60 /opt/devkitpro/libctru/lib/libctru.a(fs.o)
                0x0000000000105d40                fsExemptFromSession
 .text.fsUnexemptFromSession
                0x0000000000105da0       0x50 /opt/devkitpro/libctru/lib/libctru.a(fs.o)
                0x0000000000105da0                fsUnexemptFromSession
 .text.FSUSER_OpenFile
                0x0000000000105df0       0xcc /opt/devkitpro/libctru/lib/libctru.a(fs.o)
                0x0000000000105df0                FSUSER_OpenFile
 .text.FSUSER_DeleteFile
                0x0000000000105ebc       0xbc /opt/devkitpro/libctru/lib/libctru.a(fs.o)
                0x0000000000105ebc                FSUSER_DeleteFile
 .text.FSUSER_RenameFile
                0x0000000000105f78       0xf8 /opt/devkitpro/libctru/lib/libctru.a(fs.o)
                0x0000000000105f78                FSUSER_RenameFile
 .text.FSUSER_DeleteDirectory
                0x0000000000106070       0xbc /opt/devkitpro/libctru/lib/libctru.a(fs.o)
                0x0000000000106070                FSUSER_DeleteDirectory
 .text.FSUSER_CreateFile
                0x000000000010612c       0xd4 /opt/devkitpro/libctru/lib/libctru.a(fs.o)
                0x000000000010612c                FSUSER_CreateFile
 .text.FSUSER_CreateDirectory
                0x0000000000106200       0xc4 /opt/devkitpro/libctru/lib/libctru.a(fs.o)
                0x0000000000106200                FSUSER_CreateDirectory
 .text.FSUSER_RenameDirectory
                0x00000000001062c4       0xf8 /opt/devkitpro/libctru/lib/libctru.a(fs.o)
                0x00000000001062c4                FSUSER_RenameDirectory
 .text.FSUSER_OpenDirectory
                0x00000000001063bc       0xb4 /opt/devkitpro/libctru/lib/libctru.a(fs.o)
                0x00000000001063bc                FSUSER_OpenDirectory
 .text.FSUSER_OpenArchive
                0x0000000000106470       0x94 /opt/devkitpro/libctru/lib/libctru.a(fs.o)
                0x0000000000106470                FSUSER_OpenArchive
 .text.FSUSER_CloseArchive
                0x0000000000106504       0x8c /opt/devkitpro/libctru/lib/libctru.a(fs.o)
                0x0000000000106504                FSUSER_CloseArchive
 .text.FSUSER_GetSdmcArchiveResource
                0x0000000000106590       0x74 /opt/devkitpro/libctru/lib/libctru.a(fs.o)
                0x0000000000106590                FSUSER_GetSdmcArchiveResource
 .text.FSUSER_IsSdmcWritable
                0x0000000000106604       0x64 /opt/devkitpro/libctru/lib/libctru.a(fs.o)
                0x0000000000106604                FSUSER_IsSdmcWritable
 .text.FSFILE_Read
                0x0000000000106668       0x58 /opt/devkitpro/libctru/lib/libctru.a(fs.o)
                0x0000000000106668                FSFILE_Read
 .text.FSFILE_Write
                0x00000000001066c0       0x60 /opt/devkitpro/libctru/lib/libctru.a(fs.o)
                0x00000000001066c0                FSFILE_Write
 .text.FSFILE_GetSize
                0x0000000000106720       0x38 /opt/devkitpro/libctru/lib/libctru.a(fs.o)
                0x0000000000106720                FSFILE_GetSize
 .text.FSFILE_SetSize
                0x0000000000106758       0x28 /opt/devkitpro/libctru/lib/libctru.a(fs.o)
                0x0000000000106758                FSFILE_SetSize
 .text.FSFILE_Close
                0x0000000000106780       0x3c /opt/devkitpro/libctru/lib/libctru.a(fs.o)
                0x0000000000106780                FSFILE_Close
 .text.FSFILE_Flush
                0x00000000001067bc       0x24 /opt/devkitpro/libctru/lib/libctru.a(fs.o)
                0x00000000001067bc                FSFILE_Flush
 .text.FSDIR_Read
                0x00000000001067e0       0x50 /opt/devkitpro/libctru/lib/libctru.a(fs.o)
                0x00000000001067e0                FSDIR_Read
 .text.FSDIR_Close
                0x0000000000106830       0x3c /opt/devkitpro/libctru/lib/libctru.a(fs.o)
                0x0000000000106830                FSDIR_Close
 .text.utf16_to_utf8
                0x000000000010686c       0xe8 /opt/devkitpro/libctru/lib/libctru.a(utf16_to_utf8.o)
                0x000000000010686c                utf16_to_utf8
 .text.decode_utf16
                0x0000000000106954       0x64 /opt/devkitpro/libctru/lib/libctru.a(decode_utf16.o)
                0x0000000000106954                decode_utf16
 .text.decode_utf8
                0x00000000001069b8      0x13c /opt/devkitpro/libctru/lib/libctru.a(decode_utf8.o)
                0x00000000001069b8                decode_utf8
 .text.utf8_to_utf16
                0x0000000000106af4       0xc0 /opt/devkitpro/libctru/lib/libctru.a(utf8_to_utf16.o)
                0x0000000000106af4                utf8_to_utf16
 .text.__aeabi_read_tp
                0x0000000000106bb4        0xc /opt/devkitpro/libctru/lib/libctru.a(readtp.o)
                0x0000000000106bb4                __aeabi_read_tp
 .text.irrstInit
                0x0000000000106bc0      0x160 /opt/devkitpro/libctru/lib/libctru.a(irrst.o)
                0x0000000000106bc0                irrstInit
 .text.irrstExit
                0x0000000000106d20       0xcc /opt/devkitpro/libctru/lib/libctru.a(irrst.o)
                0x0000000000106d20                irrstExit
 .text.encode_utf16
                0x0000000000106dec       0x60 /opt/devkitpro/libctru/lib/libctru.a(encode_utf16.o)
                0x0000000000106dec                encode_utf16
 .text.encode_utf8
                0x0000000000106e4c       0xfc /opt/devkitpro/libctru/lib/libctru.a(encode_utf8.o)
                0x0000000000106e4c                encode_utf8
 .text.__udivmoddi4
                0x0000000000106f48      0x120 /opt/devkitpro/devkitARM/bin/../lib/gcc/arm-none-eabi/10.2.0/armv6k/fpu/libgcc.a(_udivmoddi4.o)
                0x0000000000106f48                __udivmoddi4
 .text.bsearch  0x0000000000107068       0x78 /opt/devkitpro/devkitARM/bin/../lib/gcc/arm-none-eabi/10.2.0/../../../../arm-none-eabi/lib/armv6k/fpu/libg.a(lib_a-bsearch.o)
                0x0000000000107068                bsearch
 .text.calloc   0x00000000001070e0       0x28 /opt/devkitpro/devkitARM/bin/../lib/gcc/arm-none-eabi/10.2.0/../../../../arm-none-eabi/lib/armv6k/fpu/libg.a(lib_a-calloc.o)
                0x00000000001070e0                calloc
 .text._calloc_r
                0x0000000000107108       0x94 /opt/devkitpro/devkitARM/bin/../lib/gcc/arm-none-eabi/10.2.0/../../../../arm-none-eabi/lib/armv6k/fpu/libg.a(lib_a-callocr.o)
                0x0000000000107108                _calloc_r
 .text.exit     0x000000000010719c       0x34 /opt/devkitpro/devkitARM/bin/../lib/gcc/arm-none-eabi/10.2.0/../../../../arm-none-eabi/lib/armv6k/fpu/libg.a(lib_a-exit.o)
                0x000000000010719c                exit
 .text.__libc_fini_array
                0x00000000001071d0       0x3c /opt/devkitpro/devkitARM/bin/../lib/gcc/arm-none-eabi/10.2.0/../../../../arm-none-eabi/lib/armv6k/fpu/libg.a(lib_a-fini.o)
                0x00000000001071d0                __libc_fini_array
 .text.__libc_init_array
                0x000000000010720c       0x7c /opt/devkitpro/devkitARM/bin/../lib/gcc/arm-none-eabi/10.2.0/../../../../arm-none-eabi/lib/armv6k/fpu/libg.a(lib_a-init.o)
                0x000000000010720c                __libc_init_array
 .text.memalign
                0x0000000000107288       0x28 /opt/devkitpro/devkitARM/bin/../lib/gcc/arm-none-eabi/10.2.0/../../../../arm-none-eabi/lib/armv6k/fpu/libg.a(lib_a-malign.o)
                0x0000000000107288                memalign
 .text._memalign_r
                0x00000000001072b0      0x148 /opt/devkitpro/devkitARM/bin/../lib/gcc/arm-none-eabi/10.2.0/../../../../arm-none-eabi/lib/armv6k/fpu/libg.a(lib_a-malignr.o)
                0x00000000001072b0                _memalign_r
 .text.malloc   0x00000000001073f8       0x20 /opt/devkitpro/devkitARM/bin/../lib/gcc/arm-none-eabi/10.2.0/../../../../arm-none-eabi/lib/armv6k/fpu/libg.a(lib_a-malloc.o)
                0x00000000001073f8                malloc
 .text.free     0x0000000000107418       0x20 /opt/devkitpro/devkitARM/bin/../lib/gcc/arm-none-eabi/10.2.0/../../../../arm-none-eabi/lib/armv6k/fpu/libg.a(lib_a-malloc.o)
                0x0000000000107418                free
 .text._malloc_r
                0x0000000000107438      0x7f0 /opt/devkitpro/devkitARM/bin/../lib/gcc/arm-none-eabi/10.2.0/../../../../arm-none-eabi/lib/armv6k/fpu/libg.a(lib_a-mallocr.o)
                0x0000000000107438                _malloc_r
 .text.memcpy   0x0000000000107c28      0x11c /opt/devkitpro/devkitARM/bin/../lib/gcc/arm-none-eabi/10.2.0/../../../../arm-none-eabi/lib/armv6k/fpu/libg.a(lib_a-memcpy-stub.o)
                0x0000000000107c28                memcpy
 .text.memset   0x0000000000107d44      0x118 /opt/devkitpro/devkitARM/bin/../lib/gcc/arm-none-eabi/10.2.0/../../../../arm-none-eabi/lib/armv6k/fpu/libg.a(lib_a-memset.o)
                0x0000000000107d44                memset
 .text.__malloc_lock
                0x0000000000107e5c        0xc /opt/devkitpro/devkitARM/bin/../lib/gcc/arm-none-eabi/10.2.0/../../../../arm-none-eabi/lib/armv6k/fpu/libg.a(lib_a-mlock.o)
                0x0000000000107e5c                __malloc_lock
 .text.__malloc_unlock
                0x0000000000107e68        0xc /opt/devkitpro/devkitARM/bin/../lib/gcc/arm-none-eabi/10.2.0/../../../../arm-none-eabi/lib/armv6k/fpu/libg.a(lib_a-mlock.o)
                0x0000000000107e68                __malloc_unlock
 .text.strlen   0x0000000000107e74       0x5c /opt/devkitpro/devkitARM/bin/../lib/gcc/arm-none-eabi/10.2.0/../../../../arm-none-eabi/lib/armv6k/fpu/libg.a(lib_a-strlen-stub.o)
                0x0000000000107e74                strlen
 .text.strncat  0x0000000000107ed0       0xec /opt/devkitpro/devkitARM/bin/../lib/gcc/arm-none-eabi/10.2.0/../../../../arm-none-eabi/lib/armv6k/fpu/libg.a(lib_a-strncat.o)
                0x0000000000107ed0                strncat
 .text.strncmp  0x0000000000107fbc       0xdc /opt/devkitpro/devkitARM/bin/../lib/gcc/arm-none-eabi/10.2.0/../../../../arm-none-eabi/lib/armv6k/fpu/libg.a(lib_a-strncmp.o)
                0x0000000000107fbc                strncmp
 .text.strncpy  0x0000000000108098       0xc0 /opt/devkitpro/devkitARM/bin/../lib/gcc/arm-none-eabi/10.2.0/../../../../arm-none-eabi/lib/armv6k/fpu/libg.a(lib_a-strncpy.o)
                0x0000000000108098                strncpy
 .text.strnlen  0x0000000000108158       0x48 /opt/devkitpro/devkitARM/bin/../lib/gcc/arm-none-eabi/10.2.0/../../../../arm-none-eabi/lib/armv6k/fpu/libg.a(lib_a-strnlen.o)
                0x0000000000108158                strnlen
 .text.__call_exitprocs
                0x00000000001081a0      0x114 /opt/devkitpro/devkitARM/bin/../lib/gcc/arm-none-eabi/10.2.0/../../../../arm-none-eabi/lib/armv6k/fpu/libg.a(lib_a-__call_atexit.o)
                0x00000000001081a0                __call_exitprocs
 .text._malloc_trim_r
                0x00000000001082b4       0xf8 /opt/devkitpro/devkitARM/bin/../lib/gcc/arm-none-eabi/10.2.0/../../../../arm-none-eabi/lib/armv6k/fpu/libg.a(lib_a-freer.o)
                0x00000000001082b4                _malloc_trim_r
 .text._free_r  0x00000000001083ac      0x2e4 /opt/devkitpro/devkitARM/bin/../lib/gcc/arm-none-eabi/10.2.0/../../../../arm-none-eabi/lib/armv6k/fpu/libg.a(lib_a-freer.o)
                0x00000000001083ac                _free_r
 .text.null_write
                0x0000000000108690        0x8 /opt/devkitpro/devkitARM/bin/../lib/gcc/arm-none-eabi/10.2.0/../../../../arm-none-eabi/lib/armv6k/fpu/libsysbase.a(iosupport.o)
 .text.setDefaultDevice
                0x0000000000108698       0x18 /opt/devkitpro/devkitARM/bin/../lib/gcc/arm-none-eabi/10.2.0/../../../../arm-none-eabi/lib/armv6k/fpu/libsysbase.a(iosupport.o)
                0x0000000000108698                setDefaultDevice
 .text.FindDevice
                0x00000000001086b0       0xc8 /opt/devkitpro/devkitARM/bin/../lib/gcc/arm-none-eabi/10.2.0/../../../../arm-none-eabi/lib/armv6k/fpu/libsysbase.a(iosupport.o)
                0x00000000001086b0                FindDevice
 .text.RemoveDevice
                0x0000000000108778       0x28 /opt/devkitpro/devkitARM/bin/../lib/gcc/arm-none-eabi/10.2.0/../../../../arm-none-eabi/lib/armv6k/fpu/libsysbase.a(iosupport.o)
                0x0000000000108778                RemoveDevice
 .text.AddDevice
                0x00000000001087a0       0x9c /opt/devkitpro/devkitARM/bin/../lib/gcc/arm-none-eabi/10.2.0/../../../../arm-none-eabi/lib/armv6k/fpu/libsysbase.a(iosupport.o)
                0x00000000001087a0                AddDevice
 .text.GetDeviceOpTab
                0x000000000010883c       0x20 /opt/devkitpro/devkitARM/bin/../lib/gcc/arm-none-eabi/10.2.0/../../../../arm-none-eabi/lib/armv6k/fpu/libsysbase.a(iosupport.o)
                0x000000000010883c                GetDeviceOpTab
 .text._sbrk_r  0x000000000010885c       0x78 /opt/devkitpro/devkitARM/bin/../lib/gcc/arm-none-eabi/10.2.0/../../../../arm-none-eabi/lib/armv6k/fpu/libsysbase.a(sbrk.o)
                0x000000000010885c                _sbrk_r
 .text._exit    0x00000000001088d4       0x24 /opt/devkitpro/devkitARM/bin/../lib/gcc/arm-none-eabi/10.2.0/../../../../arm-none-eabi/lib/armv6k/fpu/libsysbase.a(_exit.o)
                0x00000000001088d4                _exit
 .text._concatenate_path
                0x00000000001088f8      0x1b8 /opt/devkitpro/devkitARM/bin/../lib/gcc/arm-none-eabi/10.2.0/../../../../arm-none-eabi/lib/armv6k/fpu/libsysbase.a(chdir.o)
                0x00000000001088f8                _concatenate_path
 .text.chdir    0x0000000000108ab0      0x160 /opt/devkitpro/devkitARM/bin/../lib/gcc/arm-none-eabi/10.2.0/../../../../arm-none-eabi/lib/armv6k/fpu/libsysbase.a(chdir.o)
                0x0000000000108ab0                chdir
 .text.__libc_lock_acquire_recursive
                0x0000000000108c10       0x18 /opt/devkitpro/devkitARM/bin/../lib/gcc/arm-none-eabi/10.2.0/../../../../arm-none-eabi/lib/armv6k/fpu/libsysbase.a(syscall_support.o)
                0x0000000000108c10                __libc_lock_acquire_recursive
 .text.__libc_lock_release_recursive
                0x0000000000108c28       0x18 /opt/devkitpro/devkitARM/bin/../lib/gcc/arm-none-eabi/10.2.0/../../../../arm-none-eabi/lib/armv6k/fpu/libsysbase.a(syscall_support.o)
                0x0000000000108c28                __libc_lock_release_recursive
 .text.__getreent
                0x0000000000108c40       0x28 /opt/devkitpro/devkitARM/bin/../lib/gcc/arm-none-eabi/10.2.0/../../../../arm-none-eabi/lib/armv6k/fpu/libsysbase.a(getreent.o)
                0x0000000000108c40                __getreent
 .text.strchr   0x0000000000108c68      0x144 /opt/devkitpro/devkitARM/bin/../lib/gcc/arm-none-eabi/10.2.0/../../../../arm-none-eabi/lib/armv6k/fpu/libg.a(lib_a-strchr.o)
                0x0000000000108c68                strchr
 .text.strrchr  0x0000000000108dac       0x44 /opt/devkitpro/devkitARM/bin/../lib/gcc/arm-none-eabi/10.2.0/../../../../arm-none-eabi/lib/armv6k/fpu/libg.a(lib_a-strrchr.o)
                0x0000000000108dac                strrchr
 *(.glue_7)
 .glue_7        0x0000000000108df0        0x0 linker stubs
 *(.glue_7t)
 .glue_7t       0x0000000000108df0        0x0 linker stubs
 *(.stub)
 *(.gnu.warning)
 *(.gnu.linkonce.t*)
                0x0000000000108df0                . = ALIGN (0x4)
 *(.fini)
 .fini          0x0000000000108df0        0xc /opt/devkitpro/devkitARM/bin/../lib/gcc/arm-none-eabi/10.2.0/armv6k/fpu/crti.o
                0x0000000000108df0                _fini
 .fini          0x0000000000108dfc        0xc /opt/devkitpro/devkitARM/bin/../lib/gcc/arm-none-eabi/10.2.0/armv6k/fpu/crtn.o
                0x0000000000108e08                . = ALIGN (0x4)

.vfp11_veneer   0x0000000000108e08        0x0
 .vfp11_veneer  0x0000000000108e08        0x0 linker stubs

.v4_bx          0x0000000000108e08        0x0
 .v4_bx         0x0000000000108e08        0x0 linker stubs

.iplt           0x0000000000108e08        0x0
 .iplt          0x0000000000108e08        0x0 /opt/devkitpro/devkitARM/bin/../lib/gcc/arm-none-eabi/10.2.0/../../../../arm-none-eabi/lib/armv6k/fpu/3dsx_crt0.o
                0x0000000000109000                . = ALIGN (0x1000)

.rodata         0x0000000000109000      0x2dc
 *(.rodata)
 .rodata        0x0000000000109000        0x3 /opt/devkitpro/libctru/lib/libctru.a(apt.o)
 *fill*         0x0000000000109003        0x1 
 .rodata        0x0000000000109004        0xc /opt/devkitpro/libctru/lib/libctru.a(archive_dev.o)
 *(.roda)
 *(.rodata.*)
 .rodata.CSWTCH.18
                0x0000000000109010       0x38 /opt/devkitpro/libctru/lib/libcitro3d.a(texture.o)
 .rodata.depthFmtSizes
                0x0000000000109048        0x4 /opt/devkitpro/libctru/lib/libcitro3d.a(framebuffer.o)
 .rodata.aptSendCommand.str1.4
                0x000000000010904c       0x16 /opt/devkitpro/libctru/lib/libctru.a(apt.o)
 *fill*         0x0000000000109062        0x2 
 .rodata.s_sleepWakeEvents.4
                0x0000000000109064        0x8 /opt/devkitpro/libctru/lib/libctru.a(apt.o)
 .rodata.ptmSysmInit.str1.4
                0x000000000010906c        0x9 /opt/devkitpro/libctru/lib/libctru.a(ptmsysm.o)
 *fill*         0x0000000000109075        0x3 
 .rodata.srvInit.str1.4
                0x0000000000109078        0x5 /opt/devkitpro/libctru/lib/libctru.a(srv.o)
 *fill*         0x000000000010907d        0x3 
 .rodata.str1.4
                0x0000000000109080        0x8 /opt/devkitpro/libctru/lib/libctru.a(archive_dev.o)
                                          0xc (size before relaxing)
 .rodata._archiveUnmountDeviceStruct.part.0.str1.4
                0x0000000000109088        0x2 /opt/devkitpro/libctru/lib/libctru.a(archive_dev.o)
 *fill*         0x000000000010908a        0x2 
 .rodata._archiveMountDevice.str1.4
                0x000000000010908c        0x8 /opt/devkitpro/libctru/lib/libctru.a(archive_dev.o)
 .rodata.archiveMountSdmc.str1.4
                0x0000000000109094        0x5 /opt/devkitpro/libctru/lib/libctru.a(archive_dev.o)
 *fill*         0x0000000000109099        0x3 
 .rodata.archive_devoptab
                0x000000000010909c       0x70 /opt/devkitpro/libctru/lib/libctru.a(archive_dev.o)
 .rodata.error_table
                0x000000000010910c       0x30 /opt/devkitpro/libctru/lib/libctru.a(archive_dev.o)
 .rodata.hidInit.str1.4
                0x000000000010913c       0x15 /opt/devkitpro/libctru/lib/libctru.a(hid.o)
 *fill*         0x0000000000109151        0x3 
 .rodata.fsInit.str1.4
                0x0000000000109154        0x8 /opt/devkitpro/libctru/lib/libctru.a(fs.o)
 .rodata.irrstInit.str1.4
                0x000000000010915c        0x7 /opt/devkitpro/libctru/lib/libctru.a(irrst.o)
 *fill*         0x0000000000109163        0x1 
 .rodata._global_impure_ptr
                0x0000000000109164        0x4 /opt/devkitpro/devkitARM/bin/../lib/gcc/arm-none-eabi/10.2.0/../../../../arm-none-eabi/lib/armv6k/fpu/libg.a(lib_a-impure.o)
                0x0000000000109164                _global_impure_ptr
 .rodata.AddDevice.str1.4
                0x0000000000109168        0x8 /opt/devkitpro/devkitARM/bin/../lib/gcc/arm-none-eabi/10.2.0/../../../../arm-none-eabi/lib/armv6k/fpu/libsysbase.a(iosupport.o)
 .rodata.dotab_stdnull
                0x0000000000109168       0x70 /opt/devkitpro/devkitARM/bin/../lib/gcc/arm-none-eabi/10.2.0/../../../../arm-none-eabi/lib/armv6k/fpu/libsysbase.a(iosupport.o)
                0x0000000000109168                dotab_stdnull
 .rodata._ctype_
                0x00000000001091d8      0x101 /opt/devkitpro/devkitARM/bin/../lib/gcc/arm-none-eabi/10.2.0/../../../../arm-none-eabi/lib/armv6k/fpu/libg.a(lib_a-ctype_.o)
                0x00000000001091d8                _ctype_
 *all.rodata*(*)
 *(.gnu.linkonce.r*)
                0x00000000001092dc                . = ALIGN (0x4)
 *fill*         0x00000000001092d9        0x3 

.eh_frame       0x00000000001092dc        0x0
 .eh_frame      0x00000000001092dc        0x0 /opt/devkitpro/devkitARM/bin/../lib/gcc/arm-none-eabi/10.2.0/armv6k/fpu/crtbegin.o

.rel.dyn        0x00000000001092dc        0x0
 .rel.iplt      0x00000000001092dc        0x0 /opt/devkitpro/devkitARM/bin/../lib/gcc/arm-none-eabi/10.2.0/../../../../arm-none-eabi/lib/armv6k/fpu/3dsx_crt0.o
 .rel.got       0x00000000001092dc        0x0 /opt/devkitpro/devkitARM/bin/../lib/gcc/arm-none-eabi/10.2.0/../../../../arm-none-eabi/lib/armv6k/fpu/3dsx_crt0.o

.ARM.extab
 *(.ARM.extab* .gnu.linkonce.armextab.*)
                0x00000000001092dc                __exidx_start = .

ARM.exidx
 *(.ARM.exidx* .gnu.linkonce.armexidx.*)
                0x00000000001092dc                __exidx_end = .
                0x000000000010a000                . = ALIGN (0x1000)

.data           0x000000000010a000      0xd20
 *(.data)
 *(.data.*)
 .data.__stacksize__
                0x000000000010a000        0x4 /opt/devkitpro/libctru/lib/libctru.a(stack_adjust.o)
                0x000000000010a000                __stacksize__
 .data._impure_ptr
                0x000000000010a004        0x4 /opt/devkitpro/devkitARM/bin/../lib/gcc/arm-none-eabi/10.2.0/../../../../arm-none-eabi/lib/armv6k/fpu/libg.a(lib_a-impure.o)
                0x000000000010a004                _impure_ptr
 .data.impure_data
                0x000000000010a008      0x460 /opt/devkitpro/devkitARM/bin/../lib/gcc/arm-none-eabi/10.2.0/../../../../arm-none-eabi/lib/armv6k/fpu/libg.a(lib_a-impure.o)
 .data.__malloc_av_
                0x000000000010a468      0x408 /opt/devkitpro/devkitARM/bin/../lib/gcc/arm-none-eabi/10.2.0/../../../../arm-none-eabi/lib/armv6k/fpu/libg.a(lib_a-mallocr.o)
                0x000000000010a468                __malloc_av_
 .data.__malloc_sbrk_base
                0x000000000010a870        0x4 /opt/devkitpro/devkitARM/bin/../lib/gcc/arm-none-eabi/10.2.0/../../../../arm-none-eabi/lib/armv6k/fpu/libg.a(lib_a-mallocr.o)
                0x000000000010a870                __malloc_sbrk_base
 .data.__malloc_trim_threshold
                0x000000000010a874        0x4 /opt/devkitpro/devkitARM/bin/../lib/gcc/arm-none-eabi/10.2.0/../../../../arm-none-eabi/lib/armv6k/fpu/libg.a(lib_a-mallocr.o)
                0x000000000010a874                __malloc_trim_threshold
 .data.__malloc_recursive_mutex
                0x000000000010a878        0xc /opt/devkitpro/devkitARM/bin/../lib/gcc/arm-none-eabi/10.2.0/../../../../arm-none-eabi/lib/armv6k/fpu/libg.a(lib_a-mlock.o)
 .data.__atexit_recursive_mutex
                0x000000000010a884        0xc /opt/devkitpro/devkitARM/bin/../lib/gcc/arm-none-eabi/10.2.0/../../../../arm-none-eabi/lib/armv6k/fpu/libg.a(lib_a-__call_atexit.o)
                0x000000000010a884                __atexit_recursive_mutex
 .data.defaultDevice
                0x000000000010a890        0x4 /opt/devkitpro/devkitARM/bin/../lib/gcc/arm-none-eabi/10.2.0/../../../../arm-none-eabi/lib/armv6k/fpu/libsysbase.a(iosupport.o)
 .data.devoptab_list
                0x000000000010a894       0x8c /opt/devkitpro/devkitARM/bin/../lib/gcc/arm-none-eabi/10.2.0/../../../../arm-none-eabi/lib/armv6k/fpu/libsysbase.a(iosupport.o)
                0x000000000010a894                devoptab_list
 .data._current_working_directory
                0x000000000010a920      0x400 /opt/devkitpro/devkitARM/bin/../lib/gcc/arm-none-eabi/10.2.0/../../../../arm-none-eabi/lib/armv6k/fpu/libsysbase.a(chdir.o)
 *(.gnu.linkonce.d*)
                0x000000000010ad20                . = ALIGN (0x4)

.igot.plt       0x000000000010ad20        0x0
 .igot.plt      0x000000000010ad20        0x0 /opt/devkitpro/devkitARM/bin/../lib/gcc/arm-none-eabi/10.2.0/../../../../arm-none-eabi/lib/armv6k/fpu/3dsx_crt0.o

.got            0x000000000010ad20        0x8
 .got           0x000000000010ad20        0x8 /opt/devkitpro/devkitARM/bin/../lib/gcc/arm-none-eabi/10.2.0/../../../../arm-none-eabi/lib/armv6k/fpu/3dsx_crt0.o

.got.plt        0x000000000010ad28        0xc
 .got.plt       0x000000000010ad28        0xc /opt/devkitpro/devkitARM/bin/../lib/gcc/arm-none-eabi/10.2.0/../../../../arm-none-eabi/lib/armv6k/fpu/3dsx_crt0.o
                0x000000000010ad28                _GLOBAL_OFFSET_TABLE_

.tdata          0x000000000010ad34        0x0
                0x000000000010ad34                __tdata_lma = .
 *(.tdata)
 *(.tdata.*)
 *(.gnu.linkonce.td.*)
                0x000000000010ad34                . = ALIGN (0x4)
                0x000000000010ad34                __tdata_lma_end = .

.tbss           0x000000000010ad34      0xc08
 *(.tbss)
 *(.tbss.*)
 .tbss.__ctru_dev_path_buf
                0x000000000010ad34      0x401 /opt/devkitpro/libctru/lib/libctru.a(path_buf.o)
                0x000000000010ad34                __ctru_dev_path_buf
 *fill*         0x000000000010b135        0x3 
 .tbss.__ctru_dev_utf16_buf
                0x000000000010b138      0x802 /opt/devkitpro/libctru/lib/libctru.a(path_buf.o)
                0x000000000010b138                __ctru_dev_utf16_buf
 *(.gnu.linkonce.tb.*)
 *(.tcommon)
                0x000000000010b93c                . = ALIGN (0x4)
 *fill*         0x000000000010b93a        0x2 

.preinit_array  0x000000000010ad34        0x0
                0x000000000010ad34                PROVIDE (__preinit_array_start = .)
 *(.preinit_array)
                0x000000000010ad34                PROVIDE (__preinit_array_end = .)

.init_array     0x000000000010ad34        0x4
                0x000000000010ad34                PROVIDE (__init_array_start = .)
 *(SORT_BY_NAME(.init_array.*))
 *(.init_array)
 .init_array    0x000000000010ad34        0x4 /opt/devkitpro/devkitARM/bin/../lib/gcc/arm-none-eabi/10.2.0/armv6k/fpu/crtbegin.o
                0x000000000010ad38                PROVIDE (__init_array_end = .)

.fini_array     0x000000000010ad38        0x4
                0x000000000010ad38                PROVIDE (__fini_array_start = .)
 *(.fini_array)
 .fini_array    0x000000000010ad38        0x4 /opt/devkitpro/devkitARM/bin/../lib/gcc/arm-none-eabi/10.2.0/armv6k/fpu/crtbegin.o
 *(SORT_BY_NAME(.fini_array.*))
                0x000000000010ad3c                PROVIDE (__fini_array_end = .)

.ctors
 *crtbegin.o(.ctors)
 *(EXCLUDE_FILE(*crtend.o) .ctors)
 *(SORT_BY_NAME(.ctors.*))
 *(.ctors)

.dtors
 *crtbegin.o(.dtors)
 *(EXCLUDE_FILE(*crtend.o) .dtors)
 *(SORT_BY_NAME(.dtors.*))
 *(.dtors)
                0x000000000010ad3c                __bss_start__ = .

.bss            0x000000000010ad3c     0x27b4
 *(.dynbss)
 *(.bss)
 .bss           0x000000000010ad3c        0x8 shadows.o
                0x000000000010ad3c                mainLayerTexture
                0x000000000010ad40                mainLayerTarget
 *(.bss.*)
 .bss.completed.1
                0x000000000010ad44        0x1 /opt/devkitpro/devkitARM/bin/../lib/gcc/arm-none-eabi/10.2.0/armv6k/fpu/crtbegin.o
 *fill*         0x000000000010ad45        0x3 
 .bss.object.0  0x000000000010ad48       0x18 /opt/devkitpro/devkitARM/bin/../lib/gcc/arm-none-eabi/10.2.0/armv6k/fpu/crtbegin.o
 .bss.firstTarget
                0x000000000010ad60        0x4 /opt/devkitpro/libctru/lib/libcitro3d.a(renderqueue.o)
 .bss.lastTarget
                0x000000000010ad64        0x4 /opt/devkitpro/libctru/lib/libcitro3d.a(renderqueue.o)
 .bss._ZL8sAddrMap
                0x000000000010ad68        0xc /opt/devkitpro/libctru/lib/libctru.a(vram.o)
 .bss._ZL9sVramPool
                0x000000000010ad74        0x8 /opt/devkitpro/libctru/lib/libctru.a(vram.o)
 .bss._ZL11sLinearPool
                0x000000000010ad7c        0x8 /opt/devkitpro/libctru/lib/libctru.a(linear.o)
 .bss._ZL8sAddrMap
                0x000000000010ad84        0xc /opt/devkitpro/libctru/lib/libctru.a(linear.o)
 .bss.__ctru_speedup
                0x000000000010ad90        0x1 /opt/devkitpro/libctru/lib/libctru.a(os.o)
                0x000000000010ad90                __ctru_speedup
 *fill*         0x000000000010ad91        0x3 
 .bss.gspGpuHandle
                0x000000000010ad94        0x4 /opt/devkitpro/libctru/lib/libctru.a(gspgpu.o)
 .bss.gspGpuRight
                0x000000000010ad98        0x1 /opt/devkitpro/libctru/lib/libctru.a(gspgpu.o)
 .bss.aptChainloadFlags
                0x000000000010ad99        0x1 /opt/devkitpro/libctru/lib/libctru.a(apt.o)
 .bss.aptChainloadMediatype
                0x000000000010ad9a        0x1 /opt/devkitpro/libctru/lib/libctru.a(apt.o)
 *fill*         0x000000000010ad9b        0x5 
 .bss.aptChainloadTid
                0x000000000010ada0        0x8 /opt/devkitpro/libctru/lib/libctru.a(apt.o)
 .bss.aptEventHandlerThread
                0x000000000010ada8        0x4 /opt/devkitpro/libctru/lib/libctru.a(apt.o)
 .bss.aptEventHandlerThreadQuit
                0x000000000010adac        0x1 /opt/devkitpro/libctru/lib/libctru.a(apt.o)
 *fill*         0x000000000010adad        0x3 
 .bss.aptEvents
                0x000000000010adb0        0x8 /opt/devkitpro/libctru/lib/libctru.a(apt.o)
 .bss.aptFirstHook
                0x000000000010adb8        0xc /opt/devkitpro/libctru/lib/libctru.a(apt.o)
 .bss.aptFlags  0x000000000010adc4        0x4 /opt/devkitpro/libctru/lib/libctru.a(apt.o)
 .bss.aptHomeButtonState
                0x000000000010adc8        0x1 /opt/devkitpro/libctru/lib/libctru.a(apt.o)
 *fill*         0x000000000010adc9        0x3 
 .bss.aptLockHandle
                0x000000000010adcc        0x4 /opt/devkitpro/libctru/lib/libctru.a(apt.o)
 .bss.aptMessageFunc
                0x000000000010add0        0x4 /opt/devkitpro/libctru/lib/libctru.a(apt.o)
 .bss.aptMessageFuncData
                0x000000000010add4        0x4 /opt/devkitpro/libctru/lib/libctru.a(apt.o)
 .bss.aptParameters
                0x000000000010add8     0x1000 /opt/devkitpro/libctru/lib/libctru.a(apt.o)
 .bss.aptReceiveEvent
                0x000000000010bdd8        0x8 /opt/devkitpro/libctru/lib/libctru.a(apt.o)
 .bss.aptRefCount
                0x000000000010bde0        0x4 /opt/devkitpro/libctru/lib/libctru.a(apt.o)
 .bss.aptSleepEvent
                0x000000000010bde4        0x8 /opt/devkitpro/libctru/lib/libctru.a(apt.o)
 .bss.flagInit.1
                0x000000000010bdec        0x1 /opt/devkitpro/libctru/lib/libctru.a(apt.o)
 .bss.flagValue.0
                0x000000000010bded        0x1 /opt/devkitpro/libctru/lib/libctru.a(apt.o)
 *fill*         0x000000000010bdee        0x2 
 .bss.serviceName.6
                0x000000000010bdf0        0x4 /opt/devkitpro/libctru/lib/libctru.a(apt.o)
 .bss.ptmSysmHandle
                0x000000000010bdf4        0x4 /opt/devkitpro/libctru/lib/libctru.a(ptmsysm.o)
 .bss.ptmSysmRefCount
                0x000000000010bdf8        0x4 /opt/devkitpro/libctru/lib/libctru.a(ptmsysm.o)
 .bss.__ctru_heap
                0x000000000010bdfc        0x4 /opt/devkitpro/libctru/lib/libctru.a(allocateHeaps.o)
                0x000000000010bdfc                __ctru_heap
 .bss.__ctru_heap_size
                0x000000000010be00        0x4 /opt/devkitpro/libctru/lib/libctru.a(allocateHeaps.o)
                0x000000000010be00                __ctru_heap_size
 .bss.__ctru_linear_heap
                0x000000000010be04        0x4 /opt/devkitpro/libctru/lib/libctru.a(allocateHeaps.o)
                0x000000000010be04                __ctru_linear_heap
 .bss.__ctru_linear_heap_size
                0x000000000010be08        0x4 /opt/devkitpro/libctru/lib/libctru.a(allocateHeaps.o)
                0x000000000010be08                __ctru_linear_heap_size
 .bss.__system_retAddr
                0x000000000010be0c        0x4 /opt/devkitpro/libctru/lib/libctru.a(ctru_init.o)
                0x000000000010be0c                __system_retAddr
 .bss.__system_argc
                0x000000000010be10        0x4 /opt/devkitpro/libctru/lib/libctru.a(initArgv.o)
                0x000000000010be10                __system_argc
 .bss.__system_argv
                0x000000000010be14        0x4 /opt/devkitpro/libctru/lib/libctru.a(initArgv.o)
                0x000000000010be14                __system_argv
 .bss.saved_stack.42
                0x000000000010be18        0x8 /opt/devkitpro/libctru/lib/libctru.a(stack_adjust.o)
 .bss.arbiter   0x000000000010be20        0x4 /opt/devkitpro/libctru/lib/libctru.a(synchronization.o)
 .bss.srvHandle
                0x000000000010be24        0x4 /opt/devkitpro/libctru/lib/libctru.a(srv.o)
 .bss.srvRefCount
                0x000000000010be28        0x4 /opt/devkitpro/libctru/lib/libctru.a(srv.o)
 .bss.currentAddr
                0x000000000010be2c        0x4 /opt/devkitpro/libctru/lib/libctru.a(mappable.o)
 .bss.maxAddr   0x000000000010be30        0x4 /opt/devkitpro/libctru/lib/libctru.a(mappable.o)
 .bss.minAddr   0x000000000010be34        0x4 /opt/devkitpro/libctru/lib/libctru.a(mappable.o)
 .bss.srvPmHandle
                0x000000000010be38        0x4 /opt/devkitpro/libctru/lib/libctru.a(srvpm.o)
 .bss.archive_device_cwd
                0x000000000010be3c        0x4 /opt/devkitpro/libctru/lib/libctru.a(archive_dev.o)
 .bss.archive_devices
                0x000000000010be40      0x540 /opt/devkitpro/libctru/lib/libctru.a(archive_dev.o)
 .bss.archive_initialized
                0x000000000010c380        0x1 /opt/devkitpro/libctru/lib/libctru.a(archive_dev.o)
 *fill*         0x000000000010c381        0x3 
 .bss.hidEvents
                0x000000000010c384       0x14 /opt/devkitpro/libctru/lib/libctru.a(hid.o)
                0x000000000010c384                hidEvents
 .bss.hidHandle
                0x000000000010c398        0x4 /opt/devkitpro/libctru/lib/libctru.a(hid.o)
                0x000000000010c398                hidHandle
 .bss.hidMemHandle
                0x000000000010c39c        0x4 /opt/devkitpro/libctru/lib/libctru.a(hid.o)
                0x000000000010c39c                hidMemHandle
 .bss.hidRefCount
                0x000000000010c3a0        0x4 /opt/devkitpro/libctru/lib/libctru.a(hid.o)
 .bss.hidSharedMem
                0x000000000010c3a4        0x4 /opt/devkitpro/libctru/lib/libctru.a(hid.o)
                0x000000000010c3a4                hidSharedMem
 .bss.kDown     0x000000000010c3a8        0x4 /opt/devkitpro/libctru/lib/libctru.a(hid.o)
 .bss.kHeld     0x000000000010c3ac        0x4 /opt/devkitpro/libctru/lib/libctru.a(hid.o)
 .bss.kOld      0x000000000010c3b0        0x4 /opt/devkitpro/libctru/lib/libctru.a(hid.o)
 .bss.kUp       0x000000000010c3b4        0x4 /opt/devkitpro/libctru/lib/libctru.a(hid.o)
 .bss.usingIrrst
                0x000000000010c3b8        0x1 /opt/devkitpro/libctru/lib/libctru.a(hid.o)
 *fill*         0x000000000010c3b9        0x7 
 .bss.fsExemptArchives
                0x000000000010c3c0       0x80 /opt/devkitpro/libctru/lib/libctru.a(fs.o)
 .bss.fsuHandle
                0x000000000010c440        0x4 /opt/devkitpro/libctru/lib/libctru.a(fs.o)
 .bss.fsuRefCount
                0x000000000010c444        0x4 /opt/devkitpro/libctru/lib/libctru.a(fs.o)
 .bss.irrstEvent
                0x000000000010c448        0x4 /opt/devkitpro/libctru/lib/libctru.a(irrst.o)
                0x000000000010c448                irrstEvent
 .bss.irrstHandle
                0x000000000010c44c        0x4 /opt/devkitpro/libctru/lib/libctru.a(irrst.o)
                0x000000000010c44c                irrstHandle
 .bss.irrstMemHandle
                0x000000000010c450        0x4 /opt/devkitpro/libctru/lib/libctru.a(irrst.o)
                0x000000000010c450                irrstMemHandle
 .bss.irrstRefCount
                0x000000000010c454        0x4 /opt/devkitpro/libctru/lib/libctru.a(irrst.o)
 .bss.irrstSharedMem
                0x000000000010c458        0x4 /opt/devkitpro/libctru/lib/libctru.a(irrst.o)
                0x000000000010c458                irrstSharedMem
 .bss.kHeld     0x000000000010c45c        0x4 /opt/devkitpro/libctru/lib/libctru.a(irrst.o)
 .bss.__malloc_current_mallinfo
                0x000000000010c460       0x28 /opt/devkitpro/devkitARM/bin/../lib/gcc/arm-none-eabi/10.2.0/../../../../arm-none-eabi/lib/armv6k/fpu/libg.a(lib_a-mallocr.o)
                0x000000000010c460                __malloc_current_mallinfo
 .bss.__malloc_max_sbrked_mem
                0x000000000010c488        0x4 /opt/devkitpro/devkitARM/bin/../lib/gcc/arm-none-eabi/10.2.0/../../../../arm-none-eabi/lib/armv6k/fpu/libg.a(lib_a-mallocr.o)
                0x000000000010c488                __malloc_max_sbrked_mem
 .bss.__malloc_max_total_mem
                0x000000000010c48c        0x4 /opt/devkitpro/devkitARM/bin/../lib/gcc/arm-none-eabi/10.2.0/../../../../arm-none-eabi/lib/armv6k/fpu/libg.a(lib_a-mallocr.o)
                0x000000000010c48c                __malloc_max_total_mem
 .bss.__malloc_top_pad
                0x000000000010c490        0x4 /opt/devkitpro/devkitARM/bin/../lib/gcc/arm-none-eabi/10.2.0/../../../../arm-none-eabi/lib/armv6k/fpu/libg.a(lib_a-mallocr.o)
                0x000000000010c490                __malloc_top_pad
 .bss.heap_start.0
                0x000000000010c494        0x4 /opt/devkitpro/devkitARM/bin/../lib/gcc/arm-none-eabi/10.2.0/../../../../arm-none-eabi/lib/armv6k/fpu/libsysbase.a(sbrk.o)
 .bss.fake_heap_end
                0x000000000010c498        0x4 /opt/devkitpro/devkitARM/bin/../lib/gcc/arm-none-eabi/10.2.0/../../../../arm-none-eabi/lib/armv6k/fpu/libsysbase.a(malloc_vars.o)
                0x000000000010c498                fake_heap_end
 .bss.fake_heap_start
                0x000000000010c49c        0x4 /opt/devkitpro/devkitARM/bin/../lib/gcc/arm-none-eabi/10.2.0/../../../../arm-none-eabi/lib/armv6k/fpu/libsysbase.a(malloc_vars.o)
                0x000000000010c49c                fake_heap_start
 .bss.temp_cwd  0x000000000010c4a0      0x400 /opt/devkitpro/devkitARM/bin/../lib/gcc/arm-none-eabi/10.2.0/../../../../arm-none-eabi/lib/armv6k/fpu/libsysbase.a(chdir.o)
 .bss.__syscalls
                0x000000000010c8a0       0x48 /opt/devkitpro/devkitARM/bin/../lib/gcc/arm-none-eabi/10.2.0/../../../../arm-none-eabi/lib/armv6k/fpu/libsysbase.a(syscall_support.o)
                0x000000000010c8a0                __syscalls
 *(.gnu.linkonce.b*)
 *(COMMON)
                0x000000000010c8e8                . = ALIGN (0x4)
                0x000000000010c8e8                __tls_start = .
                0x000000000010d4f0                . = (. + (SIZEOF (.tdata) + SIZEOF (.tbss)))
 *fill*         0x000000000010c8e8      0xc08 
                0x000000000010d4f0                __tls_end = .
                0x000000000010d4f0                __bss_end__ = .
                0x000000000010d4f0                __end__ = ABSOLUTE (.)

/DISCARD/
 *(.group .comment .note)

.stab
 *(.stab)

.stabstr
 *(.stabstr)

.stab.excl
 *(.stab.excl)

.stab.exclstr
 *(.stab.exclstr)

.stab.index
 *(.stab.index)

.stab.indexstr
 *(.stab.indexstr)

.debug
 *(.debug)

.line
 *(.line)

.debug_srcinfo
 *(.debug_srcinfo)

.debug_sfnames
 *(.debug_sfnames)

.debug_aranges  0x0000000000000000     0x15c8
 *(.debug_aranges)
 .debug_aranges
                0x0000000000000000       0x20 shadows.o
 .debug_aranges
                0x0000000000000020       0xe8 /opt/devkitpro/libctru/lib/libcitro3d.a(renderqueue.o)
 .debug_aranges
                0x0000000000000108       0x58 /opt/devkitpro/libctru/lib/libcitro3d.a(texture.o)
 .debug_aranges
                0x0000000000000160       0x58 /opt/devkitpro/libctru/lib/libcitro3d.a(framebuffer.o)
 .debug_aranges
                0x00000000000001b8       0x58 /opt/devkitpro/libctru/lib/libctru.a(vram.o)
 .debug_aranges
                0x0000000000000210       0x58 /opt/devkitpro/libctru/lib/libctru.a(linear.o)
 .debug_aranges
                0x0000000000000268       0x38 /opt/devkitpro/libctru/lib/libctru.a(mem_pool.o)
 .debug_aranges
                0x00000000000002a0       0x60 /opt/devkitpro/libctru/lib/libctru.a(os.o)
 .debug_aranges
                0x0000000000000300       0xf8 /opt/devkitpro/libctru/lib/libctru.a(gspgpu.o)
 .debug_aranges
                0x00000000000003f8      0x250 /opt/devkitpro/libctru/lib/libctru.a(apt.o)
 .debug_aranges
                0x0000000000000648       0x90 /opt/devkitpro/libctru/lib/libctru.a(ptmsysm.o)
 .debug_aranges
                0x00000000000006d8       0x20 /opt/devkitpro/libctru/lib/libctru.a(rbtree_init.o)
 .debug_aranges
                0x00000000000006f8       0x30 /opt/devkitpro/libctru/lib/libctru.a(rbtree_insert.o)
 .debug_aranges
                0x0000000000000728       0x20 /opt/devkitpro/libctru/lib/libctru.a(rbtree_rotate.o)
 .debug_aranges
                0x0000000000000748       0x20 /opt/devkitpro/libctru/lib/libctru.a(rbtree_remove.o)
 .debug_aranges
                0x0000000000000768       0x20 /opt/devkitpro/libctru/lib/libctru.a(rbtree_find.o)
 .debug_aranges
                0x0000000000000788       0x20 /opt/devkitpro/libctru/lib/libctru.a(allocateHeaps.o)
 .debug_aranges
                0x00000000000007a8       0x20 /opt/devkitpro/libctru/lib/libctru.a(ctru_init.o)
 .debug_aranges
                0x00000000000007c8       0x20 /opt/devkitpro/libctru/lib/libctru.a(initArgv.o)
 .debug_aranges
                0x00000000000007e8      0x330 /opt/devkitpro/libctru/lib/libctru.a(svc.o)
 .debug_aranges
                0x0000000000000b18       0x28 /opt/devkitpro/libctru/lib/libctru.a(stack_adjust.o)
 .debug_aranges
                0x0000000000000b40       0xf0 /opt/devkitpro/libctru/lib/libctru.a(synchronization.o)
 .debug_aranges
                0x0000000000000c30       0xc0 /opt/devkitpro/libctru/lib/libctru.a(srv.o)
 .debug_aranges
                0x0000000000000cf0       0x60 /opt/devkitpro/libctru/lib/libctru.a(thread.o)
 .debug_aranges
                0x0000000000000d50       0x38 /opt/devkitpro/libctru/lib/libctru.a(mappable.o)
 .debug_aranges
                0x0000000000000d88       0x50 /opt/devkitpro/libctru/lib/libctru.a(srvpm.o)
 .debug_aranges
                0x0000000000000dd8       0x28 /opt/devkitpro/libctru/lib/libctru.a(rbtree_iterator.o)
 .debug_aranges
                0x0000000000000e00       0x20 /opt/devkitpro/libctru/lib/libctru.a(appInit.o)
 .debug_aranges
                0x0000000000000e20       0x30 /opt/devkitpro/libctru/lib/libctru.a(syscalls.o)
 .debug_aranges
                0x0000000000000e50       0x20 /opt/devkitpro/libctru/lib/libctru.a(appExit.o)
 .debug_aranges
                0x0000000000000e70       0x20 /opt/devkitpro/libctru/lib/libctru.a(ctru_exit.o)
 .debug_aranges
                0x0000000000000e90       0x28 /opt/devkitpro/libctru/lib/libctru.a(env.o)
 .debug_aranges
                0x0000000000000eb8      0x130 /opt/devkitpro/libctru/lib/libctru.a(archive_dev.o)
 .debug_aranges
                0x0000000000000fe8       0xd0 /opt/devkitpro/libctru/lib/libctru.a(hid.o)
 .debug_aranges
                0x00000000000010b8      0x3b0 /opt/devkitpro/libctru/lib/libctru.a(fs.o)
 .debug_aranges
                0x0000000000001468       0x20 /opt/devkitpro/libctru/lib/libctru.a(utf16_to_utf8.o)
 .debug_aranges
                0x0000000000001488       0x20 /opt/devkitpro/libctru/lib/libctru.a(decode_utf16.o)
 .debug_aranges
                0x00000000000014a8       0x20 /opt/devkitpro/libctru/lib/libctru.a(decode_utf8.o)
 .debug_aranges
                0x00000000000014c8       0x20 /opt/devkitpro/libctru/lib/libctru.a(utf8_to_utf16.o)
 .debug_aranges
                0x00000000000014e8       0x20 /opt/devkitpro/libctru/lib/libctru.a(readtp.o)
 .debug_aranges
                0x0000000000001508       0x18 /opt/devkitpro/libctru/lib/libctru.a(path_buf.o)
 .debug_aranges
                0x0000000000001520       0x68 /opt/devkitpro/libctru/lib/libctru.a(irrst.o)
 .debug_aranges
                0x0000000000001588       0x20 /opt/devkitpro/libctru/lib/libctru.a(encode_utf16.o)
 .debug_aranges
                0x00000000000015a8       0x20 /opt/devkitpro/libctru/lib/libctru.a(encode_utf8.o)

.debug_pubnames
 *(.debug_pubnames)

.debug_info     0x0000000000000000    0x341be
 *(.debug_info)
 .debug_info    0x0000000000000000     0x295f shadows.o
 .debug_info    0x000000000000295f     0x386a /opt/devkitpro/libctru/lib/libcitro3d.a(renderqueue.o)
 .debug_info    0x00000000000061c9     0x27e6 /opt/devkitpro/libctru/lib/libcitro3d.a(texture.o)
 .debug_info    0x00000000000089af     0x20ff /opt/devkitpro/libctru/lib/libcitro3d.a(framebuffer.o)
 .debug_info    0x000000000000aaae     0x1386 /opt/devkitpro/libctru/lib/libctru.a(vram.o)
 .debug_info    0x000000000000be34     0x1129 /opt/devkitpro/libctru/lib/libctru.a(linear.o)
 .debug_info    0x000000000000cf5d     0x10aa /opt/devkitpro/libctru/lib/libctru.a(mem_pool.o)
 .debug_info    0x000000000000e007     0x10cd /opt/devkitpro/libctru/lib/libctru.a(os.o)
 .debug_info    0x000000000000f0d4     0x5a78 /opt/devkitpro/libctru/lib/libctru.a(gspgpu.o)
 .debug_info    0x0000000000014b4c     0x52df /opt/devkitpro/libctru/lib/libctru.a(apt.o)
 .debug_info    0x0000000000019e2b      0xac3 /opt/devkitpro/libctru/lib/libctru.a(ptmsysm.o)
 .debug_info    0x000000000001a8ee      0x18c /opt/devkitpro/libctru/lib/libctru.a(rbtree_init.o)
 .debug_info    0x000000000001aa7a      0x697 /opt/devkitpro/libctru/lib/libctru.a(rbtree_insert.o)
 .debug_info    0x000000000001b111      0x36f /opt/devkitpro/libctru/lib/libctru.a(rbtree_rotate.o)
 .debug_info    0x000000000001b480      0x994 /opt/devkitpro/libctru/lib/libctru.a(rbtree_remove.o)
 .debug_info    0x000000000001be14      0x1f4 /opt/devkitpro/libctru/lib/libctru.a(rbtree_find.o)
 .debug_info    0x000000000001c008      0x498 /opt/devkitpro/libctru/lib/libctru.a(allocateHeaps.o)
 .debug_info    0x000000000001c4a0      0x166 /opt/devkitpro/libctru/lib/libctru.a(ctru_init.o)
 .debug_info    0x000000000001c606      0x1b7 /opt/devkitpro/libctru/lib/libctru.a(initArgv.o)
 .debug_info    0x000000000001c7bd       0x22 /opt/devkitpro/libctru/lib/libctru.a(svc.o)
 .debug_info    0x000000000001c7df       0x22 /opt/devkitpro/libctru/lib/libctru.a(stack_adjust.o)
 .debug_info    0x000000000001c801     0x2918 /opt/devkitpro/libctru/lib/libctru.a(synchronization.o)
 .debug_info    0x000000000001f119     0x1c92 /opt/devkitpro/libctru/lib/libctru.a(srv.o)
 .debug_info    0x0000000000020dab     0x1186 /opt/devkitpro/libctru/lib/libctru.a(thread.o)
 .debug_info    0x0000000000021f31      0x342 /opt/devkitpro/libctru/lib/libctru.a(mappable.o)
 .debug_info    0x0000000000022273      0x8af /opt/devkitpro/libctru/lib/libctru.a(srvpm.o)
 .debug_info    0x0000000000022b22      0x358 /opt/devkitpro/libctru/lib/libctru.a(rbtree_iterator.o)
 .debug_info    0x0000000000022e7a      0x11d /opt/devkitpro/libctru/lib/libctru.a(appInit.o)
 .debug_info    0x0000000000022f97      0xf47 /opt/devkitpro/libctru/lib/libctru.a(syscalls.o)
 .debug_info    0x0000000000023ede      0x11d /opt/devkitpro/libctru/lib/libctru.a(appExit.o)
 .debug_info    0x0000000000023ffb      0x22c /opt/devkitpro/libctru/lib/libctru.a(ctru_exit.o)
 .debug_info    0x0000000000024227      0x287 /opt/devkitpro/libctru/lib/libctru.a(env.o)
 .debug_info    0x00000000000244ae     0x3fc3 /opt/devkitpro/libctru/lib/libctru.a(archive_dev.o)
 .debug_info    0x0000000000028471     0x13e6 /opt/devkitpro/libctru/lib/libctru.a(hid.o)
 .debug_info    0x0000000000029857     0x9519 /opt/devkitpro/libctru/lib/libctru.a(fs.o)
 .debug_info    0x0000000000032d70      0x1f2 /opt/devkitpro/libctru/lib/libctru.a(utf16_to_utf8.o)
 .debug_info    0x0000000000032f62      0x13d /opt/devkitpro/libctru/lib/libctru.a(decode_utf16.o)
 .debug_info    0x000000000003309f      0x15d /opt/devkitpro/libctru/lib/libctru.a(decode_utf8.o)
 .debug_info    0x00000000000331fc      0x1f2 /opt/devkitpro/libctru/lib/libctru.a(utf8_to_utf16.o)
 .debug_info    0x00000000000333ee       0x26 /opt/devkitpro/libctru/lib/libctru.a(readtp.o)
 .debug_info    0x0000000000033414       0xe2 /opt/devkitpro/libctru/lib/libctru.a(path_buf.o)
 .debug_info    0x00000000000334f6      0xab4 /opt/devkitpro/libctru/lib/libctru.a(irrst.o)
 .debug_info    0x0000000000033faa      0x10a /opt/devkitpro/libctru/lib/libctru.a(encode_utf16.o)
 .debug_info    0x00000000000340b4      0x10a /opt/devkitpro/libctru/lib/libctru.a(encode_utf8.o)

.debug_abbrev   0x0000000000000000     0x6f26
 *(.debug_abbrev)
 .debug_abbrev  0x0000000000000000      0x395 shadows.o
 .debug_abbrev  0x0000000000000395      0x612 /opt/devkitpro/libctru/lib/libcitro3d.a(renderqueue.o)
 .debug_abbrev  0x00000000000009a7      0x4ce /opt/devkitpro/libctru/lib/libcitro3d.a(texture.o)
 .debug_abbrev  0x0000000000000e75      0x3a1 /opt/devkitpro/libctru/lib/libcitro3d.a(framebuffer.o)
 .debug_abbrev  0x0000000000001216      0x457 /opt/devkitpro/libctru/lib/libctru.a(vram.o)
 .debug_abbrev  0x000000000000166d      0x42b /opt/devkitpro/libctru/lib/libctru.a(linear.o)
 .debug_abbrev  0x0000000000001a98      0x3b6 /opt/devkitpro/libctru/lib/libctru.a(mem_pool.o)
 .debug_abbrev  0x0000000000001e4e      0x3a6 /opt/devkitpro/libctru/lib/libctru.a(os.o)
 .debug_abbrev  0x00000000000021f4      0x5a9 /opt/devkitpro/libctru/lib/libctru.a(gspgpu.o)
 .debug_abbrev  0x000000000000279d      0x6ec /opt/devkitpro/libctru/lib/libctru.a(apt.o)
 .debug_abbrev  0x0000000000002e89      0x218 /opt/devkitpro/libctru/lib/libctru.a(ptmsysm.o)
 .debug_abbrev  0x00000000000030a1       0xbc /opt/devkitpro/libctru/lib/libctru.a(rbtree_init.o)
 .debug_abbrev  0x000000000000315d      0x23f /opt/devkitpro/libctru/lib/libctru.a(rbtree_insert.o)
 .debug_abbrev  0x000000000000339c      0x1b5 /opt/devkitpro/libctru/lib/libctru.a(rbtree_rotate.o)
 .debug_abbrev  0x0000000000003551      0x245 /opt/devkitpro/libctru/lib/libctru.a(rbtree_remove.o)
 .debug_abbrev  0x0000000000003796      0x105 /opt/devkitpro/libctru/lib/libctru.a(rbtree_find.o)
 .debug_abbrev  0x000000000000389b      0x162 /opt/devkitpro/libctru/lib/libctru.a(allocateHeaps.o)
 .debug_abbrev  0x00000000000039fd       0xf9 /opt/devkitpro/libctru/lib/libctru.a(ctru_init.o)
 .debug_abbrev  0x0000000000003af6      0x128 /opt/devkitpro/libctru/lib/libctru.a(initArgv.o)
 .debug_abbrev  0x0000000000003c1e       0x12 /opt/devkitpro/libctru/lib/libctru.a(svc.o)
 .debug_abbrev  0x0000000000003c30       0x12 /opt/devkitpro/libctru/lib/libctru.a(stack_adjust.o)
 .debug_abbrev  0x0000000000003c42      0x4cc /opt/devkitpro/libctru/lib/libctru.a(synchronization.o)
 .debug_abbrev  0x000000000000410e      0x4d5 /opt/devkitpro/libctru/lib/libctru.a(srv.o)
 .debug_abbrev  0x00000000000045e3      0x41f /opt/devkitpro/libctru/lib/libctru.a(thread.o)
 .debug_abbrev  0x0000000000004a02      0x1a4 /opt/devkitpro/libctru/lib/libctru.a(mappable.o)
 .debug_abbrev  0x0000000000004ba6      0x2a6 /opt/devkitpro/libctru/lib/libctru.a(srvpm.o)
 .debug_abbrev  0x0000000000004e4c      0x1a5 /opt/devkitpro/libctru/lib/libctru.a(rbtree_iterator.o)
 .debug_abbrev  0x0000000000004ff1       0x64 /opt/devkitpro/libctru/lib/libctru.a(appInit.o)
 .debug_abbrev  0x0000000000005055      0x35a /opt/devkitpro/libctru/lib/libctru.a(syscalls.o)
 .debug_abbrev  0x00000000000053af       0x72 /opt/devkitpro/libctru/lib/libctru.a(appExit.o)
 .debug_abbrev  0x0000000000005421      0x127 /opt/devkitpro/libctru/lib/libctru.a(ctru_exit.o)
 .debug_abbrev  0x0000000000005548      0x1b1 /opt/devkitpro/libctru/lib/libctru.a(env.o)
 .debug_abbrev  0x00000000000056f9      0x60d /opt/devkitpro/libctru/lib/libctru.a(archive_dev.o)
 .debug_abbrev  0x0000000000005d06      0x48a /opt/devkitpro/libctru/lib/libctru.a(hid.o)
 .debug_abbrev  0x0000000000006190      0x5d0 /opt/devkitpro/libctru/lib/libctru.a(fs.o)
 .debug_abbrev  0x0000000000006760       0xfd /opt/devkitpro/libctru/lib/libctru.a(utf16_to_utf8.o)
 .debug_abbrev  0x000000000000685d       0x8f /opt/devkitpro/libctru/lib/libctru.a(decode_utf16.o)
 .debug_abbrev  0x00000000000068ec       0x9e /opt/devkitpro/libctru/lib/libctru.a(decode_utf8.o)
 .debug_abbrev  0x000000000000698a       0xfd /opt/devkitpro/libctru/lib/libctru.a(utf8_to_utf16.o)
 .debug_abbrev  0x0000000000006a87       0x14 /opt/devkitpro/libctru/lib/libctru.a(readtp.o)
 .debug_abbrev  0x0000000000006a9b       0x69 /opt/devkitpro/libctru/lib/libctru.a(path_buf.o)
 .debug_abbrev  0x0000000000006b04      0x33a /opt/devkitpro/libctru/lib/libctru.a(irrst.o)
 .debug_abbrev  0x0000000000006e3e       0x74 /opt/devkitpro/libctru/lib/libctru.a(encode_utf16.o)
 .debug_abbrev  0x0000000000006eb2       0x74 /opt/devkitpro/libctru/lib/libctru.a(encode_utf8.o)

.debug_line     0x0000000000000000    0x1c64e
 *(.debug_line)
 .debug_line    0x0000000000000000      0x4af shadows.o
 .debug_line    0x00000000000004af     0x1406 /opt/devkitpro/libctru/lib/libcitro3d.a(renderqueue.o)
 .debug_line    0x00000000000018b5      0xde8 /opt/devkitpro/libctru/lib/libcitro3d.a(texture.o)
 .debug_line    0x000000000000269d      0x779 /opt/devkitpro/libctru/lib/libcitro3d.a(framebuffer.o)
 .debug_line    0x0000000000002e16      0x641 /opt/devkitpro/libctru/lib/libctru.a(vram.o)
 .debug_line    0x0000000000003457      0x643 /opt/devkitpro/libctru/lib/libctru.a(linear.o)
 .debug_line    0x0000000000003a9a      0x7d1 /opt/devkitpro/libctru/lib/libctru.a(mem_pool.o)
 .debug_line    0x000000000000426b      0x59b /opt/devkitpro/libctru/lib/libctru.a(os.o)
 .debug_line    0x0000000000004806     0x377d /opt/devkitpro/libctru/lib/libctru.a(gspgpu.o)
 .debug_line    0x0000000000007f83     0x3768 /opt/devkitpro/libctru/lib/libctru.a(apt.o)
 .debug_line    0x000000000000b6eb      0x878 /opt/devkitpro/libctru/lib/libctru.a(ptmsysm.o)
 .debug_line    0x000000000000bf63      0x1cf /opt/devkitpro/libctru/lib/libctru.a(rbtree_init.o)
 .debug_line    0x000000000000c132      0x530 /opt/devkitpro/libctru/lib/libctru.a(rbtree_insert.o)
 .debug_line    0x000000000000c662      0x2dc /opt/devkitpro/libctru/lib/libctru.a(rbtree_rotate.o)
 .debug_line    0x000000000000c93e      0x772 /opt/devkitpro/libctru/lib/libctru.a(rbtree_remove.o)
 .debug_line    0x000000000000d0b0      0x229 /opt/devkitpro/libctru/lib/libctru.a(rbtree_find.o)
 .debug_line    0x000000000000d2d9      0x326 /opt/devkitpro/libctru/lib/libctru.a(allocateHeaps.o)
 .debug_line    0x000000000000d5ff      0x10b /opt/devkitpro/libctru/lib/libctru.a(ctru_init.o)
 .debug_line    0x000000000000d70a      0x2db /opt/devkitpro/libctru/lib/libctru.a(initArgv.o)
 .debug_line    0x000000000000d9e5      0x7c0 /opt/devkitpro/libctru/lib/libctru.a(svc.o)
 .debug_line    0x000000000000e1a5       0xb1 /opt/devkitpro/libctru/lib/libctru.a(stack_adjust.o)
 .debug_line    0x000000000000e256     0x1559 /opt/devkitpro/libctru/lib/libctru.a(synchronization.o)
 .debug_line    0x000000000000f7af      0xdd4 /opt/devkitpro/libctru/lib/libctru.a(srv.o)
 .debug_line    0x0000000000010583      0x5fd /opt/devkitpro/libctru/lib/libctru.a(thread.o)
 .debug_line    0x0000000000010b80      0x2c5 /opt/devkitpro/libctru/lib/libctru.a(mappable.o)
 .debug_line    0x0000000000010e45      0x640 /opt/devkitpro/libctru/lib/libctru.a(srvpm.o)
 .debug_line    0x0000000000011485      0x28c /opt/devkitpro/libctru/lib/libctru.a(rbtree_iterator.o)
 .debug_line    0x0000000000011711      0x178 /opt/devkitpro/libctru/lib/libctru.a(appInit.o)
 .debug_line    0x0000000000011889      0x439 /opt/devkitpro/libctru/lib/libctru.a(syscalls.o)
 .debug_line    0x0000000000011cc2      0x177 /opt/devkitpro/libctru/lib/libctru.a(appExit.o)
 .debug_line    0x0000000000011e39      0x1a2 /opt/devkitpro/libctru/lib/libctru.a(ctru_exit.o)
 .debug_line    0x0000000000011fdb      0x245 /opt/devkitpro/libctru/lib/libctru.a(env.o)
 .debug_line    0x0000000000012220     0x1b36 /opt/devkitpro/libctru/lib/libctru.a(archive_dev.o)
 .debug_line    0x0000000000013d56      0xd42 /opt/devkitpro/libctru/lib/libctru.a(hid.o)
 .debug_line    0x0000000000014a98     0x65af /opt/devkitpro/libctru/lib/libctru.a(fs.o)
 .debug_line    0x000000000001b047      0x2b1 /opt/devkitpro/libctru/lib/libctru.a(utf16_to_utf8.o)
 .debug_line    0x000000000001b2f8      0x18e /opt/devkitpro/libctru/lib/libctru.a(decode_utf16.o)
 .debug_line    0x000000000001b486      0x26d /opt/devkitpro/libctru/lib/libctru.a(decode_utf8.o)
 .debug_line    0x000000000001b6f3      0x287 /opt/devkitpro/libctru/lib/libctru.a(utf8_to_utf16.o)
 .debug_line    0x000000000001b97a       0x84 /opt/devkitpro/libctru/lib/libctru.a(readtp.o)
 .debug_line    0x000000000001b9fe      0x109 /opt/devkitpro/libctru/lib/libctru.a(path_buf.o)
 .debug_line    0x000000000001bb07      0x7a1 /opt/devkitpro/libctru/lib/libctru.a(irrst.o)
 .debug_line    0x000000000001c2a8      0x187 /opt/devkitpro/libctru/lib/libctru.a(encode_utf16.o)
 .debug_line    0x000000000001c42f      0x21f /opt/devkitpro/libctru/lib/libctru.a(encode_utf8.o)

.debug_frame    0x0000000000000000     0x3ddc
 *(.debug_frame)
 .debug_frame   0x0000000000000000       0x28 shadows.o
 .debug_frame   0x0000000000000028      0x394 /opt/devkitpro/libctru/lib/libcitro3d.a(renderqueue.o)
 .debug_frame   0x00000000000003bc      0x12c /opt/devkitpro/libctru/lib/libcitro3d.a(texture.o)
 .debug_frame   0x00000000000004e8       0xdc /opt/devkitpro/libctru/lib/libcitro3d.a(framebuffer.o)
 .debug_frame   0x00000000000005c4       0xd0 /opt/devkitpro/libctru/lib/libctru.a(vram.o)
 .debug_frame   0x0000000000000694       0xd4 /opt/devkitpro/libctru/lib/libctru.a(linear.o)
 .debug_frame   0x0000000000000768       0xa4 /opt/devkitpro/libctru/lib/libctru.a(mem_pool.o)
 .debug_frame   0x000000000000080c       0xec /opt/devkitpro/libctru/lib/libctru.a(os.o)
 .debug_frame   0x00000000000008f8      0x334 /opt/devkitpro/libctru/lib/libctru.a(gspgpu.o)
 .debug_frame   0x0000000000000c2c      0x8d8 /opt/devkitpro/libctru/lib/libctru.a(apt.o)
 .debug_frame   0x0000000000001504      0x180 /opt/devkitpro/libctru/lib/libctru.a(ptmsysm.o)
 .debug_frame   0x0000000000001684       0x20 /opt/devkitpro/libctru/lib/libctru.a(rbtree_init.o)
 .debug_frame   0x00000000000016a4       0x54 /opt/devkitpro/libctru/lib/libctru.a(rbtree_insert.o)
 .debug_frame   0x00000000000016f8       0x2c /opt/devkitpro/libctru/lib/libctru.a(rbtree_rotate.o)
 .debug_frame   0x0000000000001724       0x50 /opt/devkitpro/libctru/lib/libctru.a(rbtree_remove.o)
 .debug_frame   0x0000000000001774       0x30 /opt/devkitpro/libctru/lib/libctru.a(rbtree_find.o)
 .debug_frame   0x00000000000017a4       0x38 /opt/devkitpro/libctru/lib/libctru.a(allocateHeaps.o)
 .debug_frame   0x00000000000017dc       0x2c /opt/devkitpro/libctru/lib/libctru.a(ctru_init.o)
 .debug_frame   0x0000000000001808       0x2c /opt/devkitpro/libctru/lib/libctru.a(initArgv.o)
 .debug_frame   0x0000000000001834      0x640 /opt/devkitpro/libctru/lib/libctru.a(svc.o)
 .debug_frame   0x0000000000001e74       0x30 /opt/devkitpro/libctru/lib/libctru.a(stack_adjust.o)
 .debug_frame   0x0000000000001ea4      0x2c8 /opt/devkitpro/libctru/lib/libctru.a(synchronization.o)
 .debug_frame   0x000000000000216c      0x254 /opt/devkitpro/libctru/lib/libctru.a(srv.o)
 .debug_frame   0x00000000000023c0       0xf0 /opt/devkitpro/libctru/lib/libctru.a(thread.o)
 .debug_frame   0x00000000000024b0       0x70 /opt/devkitpro/libctru/lib/libctru.a(mappable.o)
 .debug_frame   0x0000000000002520       0xc4 /opt/devkitpro/libctru/lib/libctru.a(srvpm.o)
 .debug_frame   0x00000000000025e4       0x30 /opt/devkitpro/libctru/lib/libctru.a(rbtree_iterator.o)
 .debug_frame   0x0000000000002614       0x28 /opt/devkitpro/libctru/lib/libctru.a(appInit.o)
 .debug_frame   0x000000000000263c       0x5c /opt/devkitpro/libctru/lib/libctru.a(syscalls.o)
 .debug_frame   0x0000000000002698       0x2c /opt/devkitpro/libctru/lib/libctru.a(appExit.o)
 .debug_frame   0x00000000000026c4       0x28 /opt/devkitpro/libctru/lib/libctru.a(ctru_exit.o)
 .debug_frame   0x00000000000026ec       0x4c /opt/devkitpro/libctru/lib/libctru.a(env.o)
 .debug_frame   0x0000000000002738      0x530 /opt/devkitpro/libctru/lib/libctru.a(archive_dev.o)
 .debug_frame   0x0000000000002c68      0x258 /opt/devkitpro/libctru/lib/libctru.a(hid.o)
 .debug_frame   0x0000000000002ec0      0xce8 /opt/devkitpro/libctru/lib/libctru.a(fs.o)
 .debug_frame   0x0000000000003ba8       0x3c /opt/devkitpro/libctru/lib/libctru.a(utf16_to_utf8.o)
 .debug_frame   0x0000000000003be4       0x28 /opt/devkitpro/libctru/lib/libctru.a(decode_utf16.o)
 .debug_frame   0x0000000000003c0c       0x30 /opt/devkitpro/libctru/lib/libctru.a(decode_utf8.o)
 .debug_frame   0x0000000000003c3c       0x3c /opt/devkitpro/libctru/lib/libctru.a(utf8_to_utf16.o)
 .debug_frame   0x0000000000003c78       0x20 /opt/devkitpro/libctru/lib/libctru.a(readtp.o)
 .debug_frame   0x0000000000003c98      0x104 /opt/devkitpro/libctru/lib/libctru.a(irrst.o)
 .debug_frame   0x0000000000003d9c       0x20 /opt/devkitpro/libctru/lib/libctru.a(encode_utf16.o)
 .debug_frame   0x0000000000003dbc       0x20 /opt/devkitpro/libctru/lib/libctru.a(encode_utf8.o)

.debug_str      0x0000000000000000     0xaa13
 *(.debug_str)
 .debug_str     0x0000000000000000     0x29d3 shadows.o
                                       0x2c43 (size before relaxing)
 .debug_str     0x00000000000029d3     0x1372 /opt/devkitpro/libctru/lib/libcitro3d.a(renderqueue.o)
                                       0x1975 (size before relaxing)
 .debug_str     0x0000000000003d45      0x3ec /opt/devkitpro/libctru/lib/libcitro3d.a(texture.o)
                                       0x13ce (size before relaxing)
 .debug_str     0x0000000000004131       0xf4 /opt/devkitpro/libctru/lib/libcitro3d.a(framebuffer.o)
                                       0x14ff (size before relaxing)
 .debug_str     0x0000000000004225      0x576 /opt/devkitpro/libctru/lib/libctru.a(vram.o)
                                       0x10e0 (size before relaxing)
 .debug_str     0x000000000000479b       0xac /opt/devkitpro/libctru/lib/libctru.a(linear.o)
                                        0x77d (size before relaxing)
 .debug_str     0x0000000000004847       0x93 /opt/devkitpro/libctru/lib/libctru.a(mem_pool.o)
                                        0x612 (size before relaxing)
 .debug_str     0x00000000000048da      0x7b5 /opt/devkitpro/libctru/lib/libctru.a(os.o)
                                        0x9e0 (size before relaxing)
 .debug_str     0x000000000000508f      0x810 /opt/devkitpro/libctru/lib/libctru.a(gspgpu.o)
                                        0xbce (size before relaxing)
 .debug_str     0x000000000000589f     0x1412 /opt/devkitpro/libctru/lib/libctru.a(apt.o)
                                       0x1a3b (size before relaxing)
 .debug_str     0x0000000000006cb1      0x1f7 /opt/devkitpro/libctru/lib/libctru.a(ptmsysm.o)
                                        0x52e (size before relaxing)
 .debug_str     0x0000000000006ea8       0x5f /opt/devkitpro/libctru/lib/libctru.a(rbtree_init.o)
                                        0x26d (size before relaxing)
 .debug_str     0x0000000000006f07      0x10d /opt/devkitpro/libctru/lib/libctru.a(rbtree_insert.o)
                                        0x32f (size before relaxing)
 .debug_str     0x0000000000007014       0x61 /opt/devkitpro/libctru/lib/libctru.a(rbtree_rotate.o)
                                        0x2c4 (size before relaxing)
 .debug_str     0x0000000000007075       0xaf /opt/devkitpro/libctru/lib/libctru.a(rbtree_remove.o)
                                        0x34d (size before relaxing)
 .debug_str     0x0000000000007124       0x5f /opt/devkitpro/libctru/lib/libctru.a(rbtree_find.o)
                                        0x277 (size before relaxing)
 .debug_str     0x0000000000007183      0x228 /opt/devkitpro/libctru/lib/libctru.a(allocateHeaps.o)
                                        0x5b2 (size before relaxing)
 .debug_str     0x00000000000073ab       0xb7 /opt/devkitpro/libctru/lib/libctru.a(ctru_init.o)
                                        0x274 (size before relaxing)
 .debug_str     0x0000000000007462       0xad /opt/devkitpro/libctru/lib/libctru.a(initArgv.o)
                                        0x28a (size before relaxing)
 .debug_str     0x000000000000750f       0x57 /opt/devkitpro/libctru/lib/libctru.a(svc.o)
                                         0x9d (size before relaxing)
 .debug_str     0x0000000000007566       0x5b /opt/devkitpro/libctru/lib/libctru.a(stack_adjust.o)
                                         0xad (size before relaxing)
 .debug_str     0x00000000000075c1      0x3b6 /opt/devkitpro/libctru/lib/libctru.a(synchronization.o)
                                        0x95d (size before relaxing)
 .debug_str     0x0000000000007977      0x2e9 /opt/devkitpro/libctru/lib/libctru.a(srv.o)
                                        0xb34 (size before relaxing)
 .debug_str     0x0000000000007c60      0x18b /opt/devkitpro/libctru/lib/libctru.a(thread.o)
                                        0x8ed (size before relaxing)
 .debug_str     0x0000000000007deb      0x198 /opt/devkitpro/libctru/lib/libctru.a(mappable.o)
                                        0x383 (size before relaxing)
 .debug_str     0x0000000000007f83      0x10e /opt/devkitpro/libctru/lib/libctru.a(srvpm.o)
                                        0x55a (size before relaxing)
 .debug_str     0x0000000000008091       0x7f /opt/devkitpro/libctru/lib/libctru.a(rbtree_iterator.o)
                                        0x277 (size before relaxing)
 .debug_str     0x0000000000008110       0x8c /opt/devkitpro/libctru/lib/libctru.a(appInit.o)
                                        0x223 (size before relaxing)
 .debug_str     0x000000000000819c      0x1c7 /opt/devkitpro/libctru/lib/libctru.a(syscalls.o)
                                        0x960 (size before relaxing)
 .debug_str     0x0000000000008363       0x8d /opt/devkitpro/libctru/lib/libctru.a(appExit.o)
                                        0x224 (size before relaxing)
 .debug_str     0x00000000000083f0       0x88 /opt/devkitpro/libctru/lib/libctru.a(ctru_exit.o)
                                        0x35b (size before relaxing)
 .debug_str     0x0000000000008478       0x7b /opt/devkitpro/libctru/lib/libctru.a(env.o)
                                        0x265 (size before relaxing)
 .debug_str     0x00000000000084f3      0xd11 /opt/devkitpro/libctru/lib/libctru.a(archive_dev.o)
                                       0x14f2 (size before relaxing)
 .debug_str     0x0000000000009204      0x3f8 /opt/devkitpro/libctru/lib/libctru.a(hid.o)
                                        0x900 (size before relaxing)
 .debug_str     0x00000000000095fc      0xfec /opt/devkitpro/libctru/lib/libctru.a(fs.o)
                                       0x1d31 (size before relaxing)
 .debug_str     0x000000000000a5e8       0x7f /opt/devkitpro/libctru/lib/libctru.a(utf16_to_utf8.o)
                                        0x271 (size before relaxing)
 .debug_str     0x000000000000a667       0x69 /opt/devkitpro/libctru/lib/libctru.a(decode_utf16.o)
                                        0x229 (size before relaxing)